here() starts at /home
── Attaching core tidyverse packages ──────────────────────── tidyverse 2.0.0 ──
✔ dplyr     1.2.1     ✔ readr     2.2.0
✔ forcats   1.0.1     ✔ stringr   1.6.0
✔ ggplot2   4.0.3     ✔ tibble    3.3.1
✔ lubridate 1.9.5     ✔ tidyr     1.3.2
✔ purrr     1.2.2     
── Conflicts ────────────────────────────────────────── tidyverse_conflicts() ──
✖ dplyr::filter() masks stats::filter()
✖ dplyr::lag()    masks stats::lag()
ℹ Use the conflicted package (<http://conflicted.r-lib.org/>) to force all conflicts to become errors
Loading required package: Matrix

Attaching package: ‘Matrix’

The following objects are masked from ‘package:tidyr’:

    expand, pack, unpack


Attaching package: ‘lmerTest’

The following object is masked from ‘package:lme4’:

    lmer

The following object is masked from ‘package:stats’:

    step


--- For RQ12 ---

Significant (p < 0.001): 31
Non-significant (p >= 0.001): 0
Type III Analysis of Variance Table with Kenward-Roger's method
                                                          Sum Sq Mean Sq NumDF
Run                                                      15631.7 15631.7     1
Buffer.Size                                               3353.1  1676.5     2
Iteration.Count                                             40.9     0.8    49
Environment                                                441.9   147.3     3
Model.Unique                                                63.0    63.0     1
Run:Buffer.Size                                             12.9     6.5     2
Run:Iteration.Count                                         19.6     0.4    49
Run:Environment                                            101.3    33.8     3
Run:Model.Unique                                          2499.7  2499.7     1
Buffer.Size:Iteration.Count                                  6.6     0.1    98
Buffer.Size:Environment                                     34.9     5.8     6
Buffer.Size:Model.Unique                                  2033.3  1016.7     2
Iteration.Count:Environment                                 17.0     0.1   147
Iteration.Count:Model.Unique                                 2.6     0.1    49
Environment:Model.Unique                                     7.0     2.3     3
Run:Buffer.Size:Iteration.Count                              2.4     0.0    98
Run:Buffer.Size:Environment                                 26.6     4.4     6
Run:Buffer.Size:Model.Unique                                11.7     5.9     2
Run:Iteration.Count:Environment                              8.9     0.1   147
Run:Iteration.Count:Model.Unique                             6.4     0.1    49
Run:Environment:Model.Unique                                12.2     4.1     3
Buffer.Size:Iteration.Count:Environment                      4.8     0.0   294
Buffer.Size:Iteration.Count:Model.Unique                     3.0     0.0    98
Buffer.Size:Environment:Model.Unique                         9.0     1.5     6
Iteration.Count:Environment:Model.Unique                     1.2     0.0   147
Run:Buffer.Size:Iteration.Count:Environment                  3.0     0.0   294
Run:Buffer.Size:Iteration.Count:Model.Unique                 0.8     0.0    98
Run:Buffer.Size:Environment:Model.Unique                     6.8     1.1     6
Run:Iteration.Count:Environment:Model.Unique                 2.0     0.0   147
Buffer.Size:Iteration.Count:Environment:Model.Unique         2.5     0.0   294
Run:Buffer.Size:Iteration.Count:Environment:Model.Unique     2.0     0.0   294
                                                         DenDF    F value
Run                                                        432 3.1419e+06
Buffer.Size                                                432 3.3698e+05
Iteration.Count                                          21168 1.6776e+02
Environment                                                432 2.9606e+04
Model.Unique                                               432 1.2663e+04
Run:Buffer.Size                                            432 1.2970e+03
Run:Iteration.Count                                      21168 8.0282e+01
Run:Environment                                            432 6.7877e+03
Run:Model.Unique                                           432 5.0243e+05
Buffer.Size:Iteration.Count                              21168 1.3545e+01
Buffer.Size:Environment                                    432 1.1681e+03
Buffer.Size:Model.Unique                                   432 2.0435e+05
Iteration.Count:Environment                              21168 2.3225e+01
Iteration.Count:Model.Unique                             21168 1.0673e+01
Environment:Model.Unique                                   432 4.6834e+02
Run:Buffer.Size:Iteration.Count                          21168 4.8632e+00
Run:Buffer.Size:Environment                                432 8.8974e+02
Run:Buffer.Size:Model.Unique                               432 1.1779e+03
Run:Iteration.Count:Environment                          21168 1.2229e+01
Run:Iteration.Count:Model.Unique                         21168 2.6400e+01
Run:Environment:Model.Unique                               432 8.1475e+02
Buffer.Size:Iteration.Count:Environment                  21168 3.2552e+00
Buffer.Size:Iteration.Count:Model.Unique                 21168 6.2085e+00
Buffer.Size:Environment:Model.Unique                       432 3.0067e+02
Iteration.Count:Environment:Model.Unique                 21168 1.6234e+00
Run:Buffer.Size:Iteration.Count:Environment              21168 2.0343e+00
Run:Buffer.Size:Iteration.Count:Model.Unique             21168 1.5619e+00
Run:Buffer.Size:Environment:Model.Unique                   432 2.2812e+02
Run:Iteration.Count:Environment:Model.Unique             21168 2.7648e+00
Buffer.Size:Iteration.Count:Environment:Model.Unique     21168 1.6884e+00
Run:Buffer.Size:Iteration.Count:Environment:Model.Unique 21168 1.3663e+00
                                                            Pr(>F)    
Run                                                      < 2.2e-16 ***
Buffer.Size                                              < 2.2e-16 ***
Iteration.Count                                          < 2.2e-16 ***
Environment                                              < 2.2e-16 ***
Model.Unique                                             < 2.2e-16 ***
Run:Buffer.Size                                          < 2.2e-16 ***
Run:Iteration.Count                                      < 2.2e-16 ***
Run:Environment                                          < 2.2e-16 ***
Run:Model.Unique                                         < 2.2e-16 ***
Buffer.Size:Iteration.Count                              < 2.2e-16 ***
Buffer.Size:Environment                                  < 2.2e-16 ***
Buffer.Size:Model.Unique                                 < 2.2e-16 ***
Iteration.Count:Environment                              < 2.2e-16 ***
Iteration.Count:Model.Unique                             < 2.2e-16 ***
Environment:Model.Unique                                 < 2.2e-16 ***
Run:Buffer.Size:Iteration.Count                          < 2.2e-16 ***
Run:Buffer.Size:Environment                              < 2.2e-16 ***
Run:Buffer.Size:Model.Unique                             < 2.2e-16 ***
Run:Iteration.Count:Environment                          < 2.2e-16 ***
Run:Iteration.Count:Model.Unique                         < 2.2e-16 ***
Run:Environment:Model.Unique                             < 2.2e-16 ***
Buffer.Size:Iteration.Count:Environment                  < 2.2e-16 ***
Buffer.Size:Iteration.Count:Model.Unique                 < 2.2e-16 ***
Buffer.Size:Environment:Model.Unique                     < 2.2e-16 ***
Iteration.Count:Environment:Model.Unique                 2.903e-06 ***
Run:Buffer.Size:Iteration.Count:Environment              < 2.2e-16 ***
Run:Buffer.Size:Iteration.Count:Model.Unique              0.000329 ***
Run:Buffer.Size:Environment:Model.Unique                 < 2.2e-16 ***
Run:Iteration.Count:Environment:Model.Unique             < 2.2e-16 ***
Buffer.Size:Iteration.Count:Environment:Model.Unique     2.363e-12 ***
Run:Buffer.Size:Iteration.Count:Environment:Model.Unique 3.385e-05 ***
---
Signif. codes:  0 ‘***’ 0.001 ‘**’ 0.01 ‘*’ 0.05 ‘.’ 0.1 ‘ ’ 1
Type III Analysis of Variance Table with Kenward-Roger's method
     Sum Sq Mean Sq NumDF DenDF F value Pr(>F)

--- For RQ3 ---

Significant (p < 0.001): 45
Non-significant (p >= 0.001): 17
Type III Analysis of Variance Table with Kenward-Roger's method
                                                             Sum Sq Mean Sq
Backend                                                       32456 10818.7
PP                                                                2     2.4
Buffer.Size                                                    5942  2971.1
Iteration.Count                                                 168     3.4
Environment                                                     411   205.5
Model.Unique                                                    185   184.9
Backend:PP                                                        2     0.6
Backend:Buffer.Size                                               9     1.5
Backend:Iteration.Count                                          65     0.4
Backend:Environment                                             122    20.4
Backend:Model.Unique                                           5333  1777.6
PP:Buffer.Size                                                    0     0.1
PP:Iteration.Count                                                1     0.0
PP:Environment                                                    1     0.6
PP:Model.Unique                                                   1     1.2
Buffer.Size:Iteration.Count                                      31     0.3
Buffer.Size:Environment                                          19     4.8
Buffer.Size:Model.Unique                                       4025  2012.3
Iteration.Count:Environment                                      24     0.2
Iteration.Count:Model.Unique                                      8     0.2
Environment:Model.Unique                                          2     0.8
Backend:PP:Iteration.Count                                        2     0.0
Backend:PP:Environment                                            1     0.1
Backend:PP:Model.Unique                                           1     0.3
Backend:Buffer.Size:Iteration.Count                              10     0.0
Backend:Buffer.Size:Environment                                   9     0.8
Backend:Buffer.Size:Model.Unique                                 34     5.7
Backend:Iteration.Count:Environment                              11     0.0
Backend:Iteration.Count:Model.Unique                             26     0.2
Backend:Environment:Model.Unique                                  9     1.5
PP:Buffer.Size:Environment                                        1     0.2
PP:Buffer.Size:Model.Unique                                       0     0.1
PP:Environment:Model.Unique                                       1     0.6
Buffer.Size:Iteration.Count:Environment                           4     0.0
Buffer.Size:Iteration.Count:Model.Unique                         10     0.1
Buffer.Size:Environment:Model.Unique                              5     1.3
Backend:PP:Buffer.Size:Environment                                1     0.1
Backend:PP:Environment:Model.Unique                               1     0.1
Backend:Buffer.Size:Iteration.Count:Model.Unique                  3     0.0
Backend:Buffer.Size:Environment:Model.Unique                      3     0.3
Backend:Iteration.Count:Environment:Model.Unique                  4     0.0
PP:Buffer.Size:Environment:Model.Unique                           1     0.2
Buffer.Size:Iteration.Count:Environment:Model.Unique              3     0.0
Backend:PP:Buffer.Size:Environment:Model.Unique                   0     0.0
Backend:Buffer.Size:Iteration.Count:Environment:Model.Unique      5     0.0
                                                             NumDF DenDF
Backend                                                          3  1296
PP                                                               1  1296
Buffer.Size                                                      2  1296
Iteration.Count                                                 49 64092
Environment                                                      2  1296
Model.Unique                                                     1  1296
Backend:PP                                                       3  1296
Backend:Buffer.Size                                              6  1296
Backend:Iteration.Count                                        147 64092
Backend:Environment                                              6  1296
Backend:Model.Unique                                             3  1296
PP:Buffer.Size                                                   2  1296
PP:Iteration.Count                                              49 64092
PP:Environment                                                   2  1296
PP:Model.Unique                                                  1  1296
Buffer.Size:Iteration.Count                                     98 64092
Buffer.Size:Environment                                          4  1296
Buffer.Size:Model.Unique                                         2  1296
Iteration.Count:Environment                                     98 64092
Iteration.Count:Model.Unique                                    49 64092
Environment:Model.Unique                                         2  1296
Backend:PP:Iteration.Count                                     147 64092
Backend:PP:Environment                                           6  1296
Backend:PP:Model.Unique                                          3  1296
Backend:Buffer.Size:Iteration.Count                            294 64092
Backend:Buffer.Size:Environment                                 12  1296
Backend:Buffer.Size:Model.Unique                                 6  1296
Backend:Iteration.Count:Environment                            294 64092
Backend:Iteration.Count:Model.Unique                           147 64092
Backend:Environment:Model.Unique                                 6  1296
PP:Buffer.Size:Environment                                       4  1296
PP:Buffer.Size:Model.Unique                                      2  1296
PP:Environment:Model.Unique                                      2  1296
Buffer.Size:Iteration.Count:Environment                        196 64092
Buffer.Size:Iteration.Count:Model.Unique                        98 64092
Buffer.Size:Environment:Model.Unique                             4  1296
Backend:PP:Buffer.Size:Environment                              12  1296
Backend:PP:Environment:Model.Unique                              6  1296
Backend:Buffer.Size:Iteration.Count:Model.Unique               294 64092
Backend:Buffer.Size:Environment:Model.Unique                    12  1296
Backend:Iteration.Count:Environment:Model.Unique               294 64092
PP:Buffer.Size:Environment:Model.Unique                          4  1296
Buffer.Size:Iteration.Count:Environment:Model.Unique           196 64092
Backend:PP:Buffer.Size:Environment:Model.Unique                 12  1296
Backend:Buffer.Size:Iteration.Count:Environment:Model.Unique   588 64092
                                                                F value
Backend                                                      1.6626e+06
PP                                                           3.6948e+02
Buffer.Size                                                  4.5661e+05
Iteration.Count                                              5.2743e+02
Environment                                                  3.1585e+04
Model.Unique                                                 2.8413e+04
Backend:PP                                                   9.4032e+01
Backend:Buffer.Size                                          2.3773e+02
Backend:Iteration.Count                                      6.8419e+01
Backend:Environment                                          3.1328e+03
Backend:Model.Unique                                         2.7319e+05
PP:Buffer.Size                                               1.2319e+01
PP:Iteration.Count                                           2.0256e+00
PP:Environment                                               8.6160e+01
PP:Model.Unique                                              1.8829e+02
Buffer.Size:Iteration.Count                                  4.8984e+01
Buffer.Size:Environment                                      7.4108e+02
Buffer.Size:Model.Unique                                     3.0926e+05
Iteration.Count:Environment                                  3.7322e+01
Iteration.Count:Model.Unique                                 2.6358e+01
Environment:Model.Unique                                     1.1730e+02
Backend:PP:Iteration.Count                                   1.5900e+00
Backend:PP:Environment                                       2.2107e+01
Backend:PP:Model.Unique                                      4.3534e+01
Backend:Buffer.Size:Iteration.Count                          5.3766e+00
Backend:Buffer.Size:Environment                              1.1725e+02
Backend:Buffer.Size:Model.Unique                             8.7022e+02
Backend:Iteration.Count:Environment                          6.0054e+00
Backend:Iteration.Count:Model.Unique                         2.7230e+01
Backend:Environment:Model.Unique                             2.3092e+02
PP:Buffer.Size:Environment                                   3.3286e+01
PP:Buffer.Size:Model.Unique                                  1.6157e+01
PP:Environment:Model.Unique                                  8.9064e+01
Buffer.Size:Iteration.Count:Environment                      3.4588e+00
Buffer.Size:Iteration.Count:Model.Unique                     1.6253e+01
Buffer.Size:Environment:Model.Unique                         2.0499e+02
Backend:PP:Buffer.Size:Environment                           1.4514e+01
Backend:PP:Environment:Model.Unique                          2.2390e+01
Backend:Buffer.Size:Iteration.Count:Model.Unique             1.6568e+00
Backend:Buffer.Size:Environment:Model.Unique                 3.8716e+01
Backend:Iteration.Count:Environment:Model.Unique             1.8308e+00
PP:Buffer.Size:Environment:Model.Unique                      2.3057e+01
Buffer.Size:Iteration.Count:Environment:Model.Unique         2.6522e+00
Backend:PP:Buffer.Size:Environment:Model.Unique              4.6597e+00
Backend:Buffer.Size:Iteration.Count:Environment:Model.Unique 1.1924e+00
                                                                Pr(>F)    
Backend                                                      < 2.2e-16 ***
PP                                                           < 2.2e-16 ***
Buffer.Size                                                  < 2.2e-16 ***
Iteration.Count                                              < 2.2e-16 ***
Environment                                                  < 2.2e-16 ***
Model.Unique                                                 < 2.2e-16 ***
Backend:PP                                                   < 2.2e-16 ***
Backend:Buffer.Size                                          < 2.2e-16 ***
Backend:Iteration.Count                                      < 2.2e-16 ***
Backend:Environment                                          < 2.2e-16 ***
Backend:Model.Unique                                         < 2.2e-16 ***
PP:Buffer.Size                                               5.014e-06 ***
PP:Iteration.Count                                           2.930e-05 ***
PP:Environment                                               < 2.2e-16 ***
PP:Model.Unique                                              < 2.2e-16 ***
Buffer.Size:Iteration.Count                                  < 2.2e-16 ***
Buffer.Size:Environment                                      < 2.2e-16 ***
Buffer.Size:Model.Unique                                     < 2.2e-16 ***
Iteration.Count:Environment                                  < 2.2e-16 ***
Iteration.Count:Model.Unique                                 < 2.2e-16 ***
Environment:Model.Unique                                     < 2.2e-16 ***
Backend:PP:Iteration.Count                                   7.175e-06 ***
Backend:PP:Environment                                       < 2.2e-16 ***
Backend:PP:Model.Unique                                      < 2.2e-16 ***
Backend:Buffer.Size:Iteration.Count                          < 2.2e-16 ***
Backend:Buffer.Size:Environment                              < 2.2e-16 ***
Backend:Buffer.Size:Model.Unique                             < 2.2e-16 ***
Backend:Iteration.Count:Environment                          < 2.2e-16 ***
Backend:Iteration.Count:Model.Unique                         < 2.2e-16 ***
Backend:Environment:Model.Unique                             < 2.2e-16 ***
PP:Buffer.Size:Environment                                   < 2.2e-16 ***
PP:Buffer.Size:Model.Unique                                  1.173e-07 ***
PP:Environment:Model.Unique                                  < 2.2e-16 ***
Buffer.Size:Iteration.Count:Environment                      < 2.2e-16 ***
Buffer.Size:Iteration.Count:Model.Unique                     < 2.2e-16 ***
Buffer.Size:Environment:Model.Unique                         < 2.2e-16 ***
Backend:PP:Buffer.Size:Environment                           < 2.2e-16 ***
Backend:PP:Environment:Model.Unique                          < 2.2e-16 ***
Backend:Buffer.Size:Iteration.Count:Model.Unique             1.136e-11 ***
Backend:Buffer.Size:Environment:Model.Unique                 < 2.2e-16 ***
Backend:Iteration.Count:Environment:Model.Unique             < 2.2e-16 ***
PP:Buffer.Size:Environment:Model.Unique                      < 2.2e-16 ***
Buffer.Size:Iteration.Count:Environment:Model.Unique         < 2.2e-16 ***
Backend:PP:Buffer.Size:Environment:Model.Unique              1.844e-07 ***
Backend:Buffer.Size:Iteration.Count:Environment:Model.Unique 0.0009302 ***
---
Signif. codes:  0 ‘***’ 0.001 ‘**’ 0.01 ‘*’ 0.05 ‘.’ 0.1 ‘ ’ 1
Type III Analysis of Variance Table with Kenward-Roger's method
                                                        Sum Sq   Mean Sq NumDF
Backend:PP:Buffer.Size                                  0.1057 0.0176236     6
PP:Buffer.Size:Iteration.Count                          0.4578 0.0046719    98
PP:Iteration.Count:Environment                          0.5927 0.0060484    98
PP:Iteration.Count:Model.Unique                         0.2246 0.0045847    49
Iteration.Count:Environment:Model.Unique                0.7357 0.0075069    98
Backend:PP:Buffer.Size:Iteration.Count                  1.4257 0.0048495   294
Backend:PP:Buffer.Size:Model.Unique                     0.0756 0.0126072     6
Backend:PP:Iteration.Count:Environment                  1.7818 0.0060604   294
Backend:PP:Iteration.Count:Model.Unique                 0.8899 0.0060540   147
Backend:Buffer.Size:Iteration.Count:Environment         4.2961 0.0073063   588
PP:Buffer.Size:Iteration.Count:Environment              0.9768 0.0049835   196
PP:Buffer.Size:Iteration.Count:Model.Unique             0.4254 0.0043411    98
PP:Iteration.Count:Environment:Model.Unique             0.4297 0.0043851    98
Backend:PP:Buffer.Size:Iteration.Count:Environment      3.0297 0.0051526   588
Backend:PP:Buffer.Size:Iteration.Count:Model.Unique     1.6508 0.0056150   294
Backend:PP:Iteration.Count:Environment:Model.Unique     1.2610 0.0042890   294
PP:Buffer.Size:Iteration.Count:Environment:Model.Unique 0.9662 0.0049297   196
                                                        DenDF F value  Pr(>F)  
Backend:PP:Buffer.Size                                   1296  2.7084 0.01285 *
PP:Buffer.Size:Iteration.Count                          64092  0.7180 0.98413  
PP:Iteration.Count:Environment                          64092  0.9295 0.67625  
PP:Iteration.Count:Model.Unique                         64092  0.7046 0.94156  
Iteration.Count:Environment:Model.Unique                64092  1.1537 0.14205  
Backend:PP:Buffer.Size:Iteration.Count                  64092  0.7453 0.99962  
Backend:PP:Buffer.Size:Model.Unique                      1296  1.9375 0.07174 .
Backend:PP:Iteration.Count:Environment                  64092  0.9314 0.79462  
Backend:PP:Iteration.Count:Model.Unique                 64092  0.9304 0.71621  
Backend:Buffer.Size:Iteration.Count:Environment         64092  1.1229 0.02093 *
PP:Buffer.Size:Iteration.Count:Environment              64092  0.7659 0.99363  
PP:Buffer.Size:Iteration.Count:Model.Unique             64092  0.6671 0.99539  
PP:Iteration.Count:Environment:Model.Unique             64092  0.6739 0.99448  
Backend:PP:Buffer.Size:Iteration.Count:Environment      64092  0.7919 0.99993  
Backend:PP:Buffer.Size:Iteration.Count:Model.Unique     64092  0.8629 0.95668  
Backend:PP:Iteration.Count:Environment:Model.Unique     64092  0.6591 1.00000  
PP:Buffer.Size:Iteration.Count:Environment:Model.Unique 64092  0.7576 0.99519  
---
Signif. codes:  0 ‘***’ 0.001 ‘**’ 0.01 ‘*’ 0.05 ‘.’ 0.1 ‘ ’ 1

--- Threshold audit ---

This log is the authoritative significance report (alpha = 0.001).
Threshold-dependent text in earlier logs is superseded by this log:
  - model-rq12.log / model-rq3.log: term counts split at p < 0.0001
  - posthoc-rq3.log: Backend:PP interaction gate evaluated at p < 0.05
Those thresholds affect log text only; all computed artifacts
(models, EMMs, contrasts) are threshold-free and remain valid.

Backend:PP interaction at alpha = 0.001: p = 4.609e-55 — SIGNIFICANT: averaging over the other factor may be misleading; use the per-level (simple-effects) contrasts

#####################################################################
# Clean up the environment
#####################################################################

Remaining attached packages:
Remaining objects in the environment:
Removing all objects from the environment...
Remaining objects in the environment:
Warning messages:
1: In q("no", save = "no") : NAs introduced by coercion
2: In q("no", save = "no") : invalid 'status', 0 assumed
