here() starts at /home
── Attaching core tidyverse packages ──────────────────────── tidyverse 2.0.0 ──
✔ dplyr     1.2.1     ✔ readr     2.2.0
✔ forcats   1.0.1     ✔ stringr   1.6.0
✔ ggplot2   4.0.3     ✔ tibble    3.3.1
✔ lubridate 1.9.5     ✔ tidyr     1.3.2
✔ purrr     1.2.2     
── Conflicts ────────────────────────────────────────── tidyverse_conflicts() ──
✖ dplyr::filter() masks stats::filter()
✖ dplyr::lag()    masks stats::lag()
ℹ Use the conflicted package (<http://conflicted.r-lib.org/>) to force all conflicts to become errors
Loading required package: Matrix

Attaching package: ‘Matrix’

The following objects are masked from ‘package:tidyr’:

    expand, pack, unpack


Attaching package: ‘lmerTest’

The following object is masked from ‘package:lme4’:

    lmer

The following object is masked from ‘package:stats’:

    step

Welcome to emmeans.
Caution: You lose important information if you filter this package's results.
See '? untidy'

Backend cost (hold PP constant, per browser × model)

NOTE: Results may be misleading due to involvement in interactions
PP = wasm, Environment = Chrome, Model.Unique = guitar-lstm:
 Backend     response       SE   df lower.CL upper.CL
 wasm-bypass 0.001044 8.61e-06 1296 0.001027 0.001061
 js-bypass   0.001063 8.77e-06 1296 0.001046 0.001081
 js-onnx     0.012217 1.01e-04 1296 0.012021 0.012417
 wasm-onnx   0.011985 9.88e-05 1296 0.011793 0.012180

PP = js, Environment = Chrome, Model.Unique = guitar-lstm:
 Backend     response       SE   df lower.CL upper.CL
 wasm-bypass 0.001071 8.83e-06 1296 0.001053 0.001088
 js-bypass   0.001085 8.95e-06 1296 0.001067 0.001103
 js-onnx     0.012149 1.00e-04 1296 0.011954 0.012347
 wasm-onnx   0.011939 9.85e-05 1296 0.011747 0.012134

PP = wasm, Environment = Firefox, Model.Unique = guitar-lstm:
 Backend     response       SE   df lower.CL upper.CL
 wasm-bypass 0.000763 6.29e-06 1296 0.000751 0.000775
 js-bypass   0.000766 6.32e-06 1296 0.000754 0.000779
 js-onnx     0.006049 4.99e-05 1296 0.005952 0.006148
 wasm-onnx   0.006578 5.42e-05 1296 0.006473 0.006685

PP = js, Environment = Firefox, Model.Unique = guitar-lstm:
 Backend     response       SE   df lower.CL upper.CL
 wasm-bypass 0.000796 6.56e-06 1296 0.000783 0.000809
 js-bypass   0.000835 6.89e-06 1296 0.000822 0.000849
 js-onnx     0.006101 5.03e-05 1296 0.006003 0.006201
 wasm-onnx   0.006629 5.47e-05 1296 0.006523 0.006737

PP = wasm, Environment = Safari, Model.Unique = guitar-lstm:
 Backend     response       SE   df lower.CL upper.CL
 wasm-bypass 0.000750 6.18e-06 1296 0.000738 0.000762
 js-bypass   0.000752 6.20e-06 1296 0.000740 0.000764
 js-onnx     0.006563 5.41e-05 1296 0.006458 0.006670
 wasm-onnx   0.006081 5.02e-05 1296 0.005984 0.006180

PP = js, Environment = Safari, Model.Unique = guitar-lstm:
 Backend     response       SE   df lower.CL upper.CL
 wasm-bypass 0.000901 7.43e-06 1296 0.000886 0.000915
 js-bypass   0.000940 7.75e-06 1296 0.000924 0.000955
 js-onnx     0.006666 5.50e-05 1296 0.006559 0.006774
 wasm-onnx   0.006231 5.14e-05 1296 0.006131 0.006332

PP = wasm, Environment = Chrome, Model.Unique = steerable-nafx:
 Backend     response       SE   df lower.CL upper.CL
 wasm-bypass 0.000160 1.32e-06 1296 0.000157 0.000162
 js-bypass   0.000167 1.38e-06 1296 0.000164 0.000170
 js-onnx     0.042439 3.50e-04 1296 0.041758 0.043131
 wasm-onnx   0.042225 3.48e-04 1296 0.041547 0.042913

PP = js, Environment = Chrome, Model.Unique = steerable-nafx:
 Backend     response       SE   df lower.CL upper.CL
 wasm-bypass 0.000163 1.35e-06 1296 0.000161 0.000166
 js-bypass   0.000170 1.40e-06 1296 0.000167 0.000173
 js-onnx     0.042517 3.51e-04 1296 0.041835 0.043211
 wasm-onnx   0.042222 3.48e-04 1296 0.041544 0.042910

PP = wasm, Environment = Firefox, Model.Unique = steerable-nafx:
 Backend     response       SE   df lower.CL upper.CL
 wasm-bypass 0.000141 1.16e-06 1296 0.000139 0.000143
 js-bypass   0.000147 1.21e-06 1296 0.000145 0.000149
 js-onnx     0.020738 1.71e-04 1296 0.020405 0.021076
 wasm-onnx   0.020977 1.73e-04 1296 0.020640 0.021319

PP = js, Environment = Firefox, Model.Unique = steerable-nafx:
 Backend     response       SE   df lower.CL upper.CL
 wasm-bypass 0.000143 1.18e-06 1296 0.000141 0.000145
 js-bypass   0.000146 1.20e-06 1296 0.000143 0.000148
 js-onnx     0.020726 1.71e-04 1296 0.020393 0.021064
 wasm-onnx   0.020980 1.73e-04 1296 0.020643 0.021322

PP = wasm, Environment = Safari, Model.Unique = steerable-nafx:
 Backend     response       SE   df lower.CL upper.CL
 wasm-bypass 0.000154 1.27e-06 1296 0.000152 0.000157
 js-bypass   0.000161 1.32e-06 1296 0.000158 0.000163
 js-onnx     0.020630 1.70e-04 1296 0.020299 0.020966
 wasm-onnx   0.020879 1.72e-04 1296 0.020544 0.021220

PP = js, Environment = Safari, Model.Unique = steerable-nafx:
 Backend     response       SE   df lower.CL upper.CL
 wasm-bypass 0.000152 1.26e-06 1296 0.000150 0.000155
 js-bypass   0.000167 1.38e-06 1296 0.000164 0.000170
 js-onnx     0.020598 1.70e-04 1296 0.020268 0.020934
 wasm-onnx   0.020911 1.72e-04 1296 0.020575 0.021252

Results are averaged over the levels of: Buffer.Size, Iteration.Count 
Degrees-of-freedom method: kenward-roger 
Confidence level used: 0.95 
Intervals are back-transformed from the log scale 
PP = wasm, Environment = Chrome, Model.Unique = guitar-lstm:
 contrast                      ratio       SE   df null  t.ratio p.value
 (wasm-bypass) / (js-bypass) 0.98185 1.15e-02 1296    1   -1.570  0.1991
 (wasm-bypass) / (js-onnx)   0.08545 9.97e-04 1296    1 -210.907 <0.0001
 (wasm-bypass) / (wasm-onnx) 0.08711 1.02e-03 1296    1 -209.259 <0.0001
 (js-bypass) / (js-onnx)     0.08703 1.02e-03 1296    1 -209.337 <0.0001
 (js-bypass) / (wasm-onnx)   0.08872 1.03e-03 1296    1 -207.689 <0.0001
 (js-onnx) / (wasm-onnx)     1.01941 1.19e-02 1296    1    1.648  0.1991

PP = js, Environment = Chrome, Model.Unique = guitar-lstm:
 contrast                      ratio       SE   df null  t.ratio p.value
 (wasm-bypass) / (js-bypass) 0.98676 1.15e-02 1296    1   -1.143  0.2694
 (wasm-bypass) / (js-onnx)   0.08811 1.03e-03 1296    1 -208.279 <0.0001
 (wasm-bypass) / (wasm-onnx) 0.08966 1.05e-03 1296    1 -206.783 <0.0001
 (js-bypass) / (js-onnx)     0.08930 1.04e-03 1296    1 -207.136 <0.0001
 (js-bypass) / (wasm-onnx)   0.09087 1.06e-03 1296    1 -205.639 <0.0001
 (js-onnx) / (wasm-onnx)     1.01761 1.19e-02 1296    1    1.497  0.2694

PP = wasm, Environment = Firefox, Model.Unique = guitar-lstm:
 contrast                      ratio       SE   df null  t.ratio p.value
 (wasm-bypass) / (js-bypass) 0.99556 1.16e-02 1296    1   -0.382  0.7028
 (wasm-bypass) / (js-onnx)   0.12610 1.47e-03 1296    1 -177.547 <0.0001
 (wasm-bypass) / (wasm-onnx) 0.11596 1.35e-03 1296    1 -184.734 <0.0001
 (js-bypass) / (js-onnx)     0.12666 1.48e-03 1296    1 -177.165 <0.0001
 (js-bypass) / (wasm-onnx)   0.11648 1.36e-03 1296    1 -184.352 <0.0001
 (js-onnx) / (wasm-onnx)     0.91959 1.07e-02 1296    1   -7.187 <0.0001

PP = js, Environment = Firefox, Model.Unique = guitar-lstm:
 contrast                      ratio       SE   df null  t.ratio p.value
 (wasm-bypass) / (js-bypass) 0.95288 1.11e-02 1296    1   -4.138 <0.0001
 (wasm-bypass) / (js-onnx)   0.13047 1.52e-03 1296    1 -174.624 <0.0001
 (wasm-bypass) / (wasm-onnx) 0.12008 1.40e-03 1296    1 -181.738 <0.0001
 (js-bypass) / (js-onnx)     0.13692 1.60e-03 1296    1 -170.486 <0.0001
 (js-bypass) / (wasm-onnx)   0.12602 1.47e-03 1296    1 -177.600 <0.0001
 (js-onnx) / (wasm-onnx)     0.92038 1.07e-02 1296    1   -7.114 <0.0001

PP = wasm, Environment = Safari, Model.Unique = guitar-lstm:
 contrast                      ratio       SE   df null  t.ratio p.value
 (wasm-bypass) / (js-bypass) 0.99672 1.16e-02 1296    1   -0.282  0.7779
 (wasm-bypass) / (js-onnx)   0.11423 1.33e-03 1296    1 -186.019 <0.0001
 (wasm-bypass) / (wasm-onnx) 0.12328 1.44e-03 1296    1 -179.482 <0.0001
 (js-bypass) / (js-onnx)     0.11461 1.34e-03 1296    1 -185.738 <0.0001
 (js-bypass) / (wasm-onnx)   0.12369 1.44e-03 1296    1 -179.200 <0.0001
 (js-onnx) / (wasm-onnx)     1.07923 1.26e-02 1296    1    6.537 <0.0001

PP = js, Environment = Safari, Model.Unique = guitar-lstm:
 contrast                      ratio       SE   df null  t.ratio p.value
 (wasm-bypass) / (js-bypass) 0.95846 1.12e-02 1296    1   -3.638  0.0003
 (wasm-bypass) / (js-onnx)   0.13510 1.58e-03 1296    1 -171.636 <0.0001
 (wasm-bypass) / (wasm-onnx) 0.14453 1.69e-03 1296    1 -165.851 <0.0001
 (js-bypass) / (js-onnx)     0.14095 1.64e-03 1296    1 -167.998 <0.0001
 (js-bypass) / (wasm-onnx)   0.15079 1.76e-03 1296    1 -162.213 <0.0001
 (js-onnx) / (wasm-onnx)     1.06980 1.25e-02 1296    1    5.785 <0.0001

PP = wasm, Environment = Chrome, Model.Unique = steerable-nafx:
 contrast                      ratio       SE   df null  t.ratio p.value
 (wasm-bypass) / (js-bypass) 0.95652 1.12e-02 1296    1   -3.812  0.0003
 (wasm-bypass) / (js-onnx)   0.00376 4.39e-05 1296    1 -478.692 <0.0001
 (wasm-bypass) / (wasm-onnx) 0.00378 4.41e-05 1296    1 -478.259 <0.0001
 (js-bypass) / (js-onnx)     0.00393 4.59e-05 1296    1 -474.880 <0.0001
 (js-bypass) / (wasm-onnx)   0.00395 4.61e-05 1296    1 -474.447 <0.0001
 (js-onnx) / (wasm-onnx)     1.00507 1.17e-02 1296    1    0.434  0.6646

PP = js, Environment = Chrome, Model.Unique = steerable-nafx:
 contrast                      ratio       SE   df null  t.ratio p.value
 (wasm-bypass) / (js-bypass) 0.96115 1.12e-02 1296    1   -3.398  0.0014
 (wasm-bypass) / (js-onnx)   0.00384 4.48e-05 1296    1 -476.907 <0.0001
 (wasm-bypass) / (wasm-onnx) 0.00387 4.51e-05 1296    1 -476.309 <0.0001
 (js-bypass) / (js-onnx)     0.00400 4.66e-05 1296    1 -473.509 <0.0001
 (js-bypass) / (wasm-onnx)   0.00402 4.69e-05 1296    1 -472.911 <0.0001
 (js-onnx) / (wasm-onnx)     1.00700 1.17e-02 1296    1    0.598  0.5497

PP = wasm, Environment = Firefox, Model.Unique = steerable-nafx:
 contrast                      ratio       SE   df null  t.ratio p.value
 (wasm-bypass) / (js-bypass) 0.95987 1.12e-02 1296    1   -3.511  0.0009
 (wasm-bypass) / (js-onnx)   0.00680 7.93e-05 1296    1 -427.945 <0.0001
 (wasm-bypass) / (wasm-onnx) 0.00672 7.84e-05 1296    1 -428.927 <0.0001
 (js-bypass) / (js-onnx)     0.00708 8.26e-05 1296    1 -424.434 <0.0001
 (js-bypass) / (wasm-onnx)   0.00700 8.17e-05 1296    1 -425.416 <0.0001
 (js-onnx) / (wasm-onnx)     0.98862 1.15e-02 1296    1   -0.982  0.3265

PP = js, Environment = Firefox, Model.Unique = steerable-nafx:
 contrast                      ratio       SE   df null  t.ratio p.value
 (wasm-bypass) / (js-bypass) 0.98190 1.15e-02 1296    1   -1.566  0.2353
 (wasm-bypass) / (js-onnx)   0.00690 8.04e-05 1296    1 -426.733 <0.0001
 (wasm-bypass) / (wasm-onnx) 0.00681 7.94e-05 1296    1 -427.777 <0.0001
 (js-bypass) / (js-onnx)     0.00702 8.19e-05 1296    1 -425.167 <0.0001
 (js-bypass) / (wasm-onnx)   0.00694 8.09e-05 1296    1 -426.212 <0.0001
 (js-onnx) / (wasm-onnx)     0.98789 1.15e-02 1296    1   -1.044  0.2965

PP = wasm, Environment = Safari, Model.Unique = steerable-nafx:
 contrast                      ratio       SE   df null  t.ratio p.value
 (wasm-bypass) / (js-bypass) 0.96121 1.12e-02 1296    1   -3.392  0.0014
 (wasm-bypass) / (js-onnx)   0.00748 8.73e-05 1296    1 -419.711 <0.0001
 (wasm-bypass) / (wasm-onnx) 0.00739 8.62e-05 1296    1 -420.741 <0.0001
 (js-bypass) / (js-onnx)     0.00779 9.08e-05 1296    1 -416.319 <0.0001
 (js-bypass) / (wasm-onnx)   0.00769 8.97e-05 1296    1 -417.349 <0.0001
 (js-onnx) / (wasm-onnx)     0.98806 1.15e-02 1296    1   -1.030  0.3031

PP = js, Environment = Safari, Model.Unique = steerable-nafx:
 contrast                      ratio       SE   df null  t.ratio p.value
 (wasm-bypass) / (js-bypass) 0.91048 1.06e-02 1296    1   -8.041 <0.0001
 (wasm-bypass) / (js-onnx)   0.00739 8.62e-05 1296    1 -420.809 <0.0001
 (wasm-bypass) / (wasm-onnx) 0.00728 8.49e-05 1296    1 -422.101 <0.0001
 (js-bypass) / (js-onnx)     0.00811 9.46e-05 1296    1 -412.769 <0.0001
 (js-bypass) / (wasm-onnx)   0.00799 9.32e-05 1296    1 -414.060 <0.0001
 (js-onnx) / (wasm-onnx)     0.98505 1.15e-02 1296    1   -1.291  0.1968

Results are averaged over the levels of: Buffer.Size, Iteration.Count 
Degrees-of-freedom method: kenward-roger 
P value adjustment: holm method for 6 tests 
Tests are performed on the log scale 
emm_rq3_backend.csv written to ./results/50-5

PP cost (hold backend constant, per browser × model)

NOTE: Results may be misleading due to involvement in interactions
Backend = wasm-bypass, Environment = Chrome, Model.Unique = guitar-lstm:
 PP   response       SE   df lower.CL upper.CL
 wasm 0.001044 8.61e-06 1296 0.001027 0.001061
 js   0.001071 8.83e-06 1296 0.001053 0.001088

Backend = js-bypass, Environment = Chrome, Model.Unique = guitar-lstm:
 PP   response       SE   df lower.CL upper.CL
 wasm 0.001063 8.77e-06 1296 0.001046 0.001081
 js   0.001085 8.95e-06 1296 0.001067 0.001103

Backend = js-onnx, Environment = Chrome, Model.Unique = guitar-lstm:
 PP   response       SE   df lower.CL upper.CL
 wasm 0.012217 1.01e-04 1296 0.012021 0.012417
 js   0.012149 1.00e-04 1296 0.011954 0.012347

Backend = wasm-onnx, Environment = Chrome, Model.Unique = guitar-lstm:
 PP   response       SE   df lower.CL upper.CL
 wasm 0.011985 9.88e-05 1296 0.011793 0.012180
 js   0.011939 9.85e-05 1296 0.011747 0.012134

Backend = wasm-bypass, Environment = Firefox, Model.Unique = guitar-lstm:
 PP   response       SE   df lower.CL upper.CL
 wasm 0.000763 6.29e-06 1296 0.000751 0.000775
 js   0.000796 6.56e-06 1296 0.000783 0.000809

Backend = js-bypass, Environment = Firefox, Model.Unique = guitar-lstm:
 PP   response       SE   df lower.CL upper.CL
 wasm 0.000766 6.32e-06 1296 0.000754 0.000779
 js   0.000835 6.89e-06 1296 0.000822 0.000849

Backend = js-onnx, Environment = Firefox, Model.Unique = guitar-lstm:
 PP   response       SE   df lower.CL upper.CL
 wasm 0.006049 4.99e-05 1296 0.005952 0.006148
 js   0.006101 5.03e-05 1296 0.006003 0.006201

Backend = wasm-onnx, Environment = Firefox, Model.Unique = guitar-lstm:
 PP   response       SE   df lower.CL upper.CL
 wasm 0.006578 5.42e-05 1296 0.006473 0.006685
 js   0.006629 5.47e-05 1296 0.006523 0.006737

Backend = wasm-bypass, Environment = Safari, Model.Unique = guitar-lstm:
 PP   response       SE   df lower.CL upper.CL
 wasm 0.000750 6.18e-06 1296 0.000738 0.000762
 js   0.000901 7.43e-06 1296 0.000886 0.000915

Backend = js-bypass, Environment = Safari, Model.Unique = guitar-lstm:
 PP   response       SE   df lower.CL upper.CL
 wasm 0.000752 6.20e-06 1296 0.000740 0.000764
 js   0.000940 7.75e-06 1296 0.000924 0.000955

Backend = js-onnx, Environment = Safari, Model.Unique = guitar-lstm:
 PP   response       SE   df lower.CL upper.CL
 wasm 0.006563 5.41e-05 1296 0.006458 0.006670
 js   0.006666 5.50e-05 1296 0.006559 0.006774

Backend = wasm-onnx, Environment = Safari, Model.Unique = guitar-lstm:
 PP   response       SE   df lower.CL upper.CL
 wasm 0.006081 5.02e-05 1296 0.005984 0.006180
 js   0.006231 5.14e-05 1296 0.006131 0.006332

Backend = wasm-bypass, Environment = Chrome, Model.Unique = steerable-nafx:
 PP   response       SE   df lower.CL upper.CL
 wasm 0.000160 1.32e-06 1296 0.000157 0.000162
 js   0.000163 1.35e-06 1296 0.000161 0.000166

Backend = js-bypass, Environment = Chrome, Model.Unique = steerable-nafx:
 PP   response       SE   df lower.CL upper.CL
 wasm 0.000167 1.38e-06 1296 0.000164 0.000170
 js   0.000170 1.40e-06 1296 0.000167 0.000173

Backend = js-onnx, Environment = Chrome, Model.Unique = steerable-nafx:
 PP   response       SE   df lower.CL upper.CL
 wasm 0.042439 3.50e-04 1296 0.041758 0.043131
 js   0.042517 3.51e-04 1296 0.041835 0.043211

Backend = wasm-onnx, Environment = Chrome, Model.Unique = steerable-nafx:
 PP   response       SE   df lower.CL upper.CL
 wasm 0.042225 3.48e-04 1296 0.041547 0.042913
 js   0.042222 3.48e-04 1296 0.041544 0.042910

Backend = wasm-bypass, Environment = Firefox, Model.Unique = steerable-nafx:
 PP   response       SE   df lower.CL upper.CL
 wasm 0.000141 1.16e-06 1296 0.000139 0.000143
 js   0.000143 1.18e-06 1296 0.000141 0.000145

Backend = js-bypass, Environment = Firefox, Model.Unique = steerable-nafx:
 PP   response       SE   df lower.CL upper.CL
 wasm 0.000147 1.21e-06 1296 0.000145 0.000149
 js   0.000146 1.20e-06 1296 0.000143 0.000148

Backend = js-onnx, Environment = Firefox, Model.Unique = steerable-nafx:
 PP   response       SE   df lower.CL upper.CL
 wasm 0.020738 1.71e-04 1296 0.020405 0.021076
 js   0.020726 1.71e-04 1296 0.020393 0.021064

Backend = wasm-onnx, Environment = Firefox, Model.Unique = steerable-nafx:
 PP   response       SE   df lower.CL upper.CL
 wasm 0.020977 1.73e-04 1296 0.020640 0.021319
 js   0.020980 1.73e-04 1296 0.020643 0.021322

Backend = wasm-bypass, Environment = Safari, Model.Unique = steerable-nafx:
 PP   response       SE   df lower.CL upper.CL
 wasm 0.000154 1.27e-06 1296 0.000152 0.000157
 js   0.000152 1.26e-06 1296 0.000150 0.000155

Backend = js-bypass, Environment = Safari, Model.Unique = steerable-nafx:
 PP   response       SE   df lower.CL upper.CL
 wasm 0.000161 1.32e-06 1296 0.000158 0.000163
 js   0.000167 1.38e-06 1296 0.000164 0.000170

Backend = js-onnx, Environment = Safari, Model.Unique = steerable-nafx:
 PP   response       SE   df lower.CL upper.CL
 wasm 0.020630 1.70e-04 1296 0.020299 0.020966
 js   0.020598 1.70e-04 1296 0.020268 0.020934

Backend = wasm-onnx, Environment = Safari, Model.Unique = steerable-nafx:
 PP   response       SE   df lower.CL upper.CL
 wasm 0.020879 1.72e-04 1296 0.020544 0.021220
 js   0.020911 1.72e-04 1296 0.020575 0.021252

Results are averaged over the levels of: Buffer.Size, Iteration.Count 
Degrees-of-freedom method: kenward-roger 
Confidence level used: 0.95 
Intervals are back-transformed from the log scale 
Backend = wasm-bypass, Environment = Chrome, Model.Unique = guitar-lstm:
 contrast  ratio      SE   df null t.ratio p.value
 wasm / js 0.975 0.01140 1296    1  -2.148  0.0319

Backend = js-bypass, Environment = Chrome, Model.Unique = guitar-lstm:
 contrast  ratio      SE   df null t.ratio p.value
 wasm / js 0.980 0.01140 1296    1  -1.721  0.0856

Backend = js-onnx, Environment = Chrome, Model.Unique = guitar-lstm:
 contrast  ratio      SE   df null t.ratio p.value
 wasm / js 1.006 0.01170 1296    1   0.480  0.6313

Backend = wasm-onnx, Environment = Chrome, Model.Unique = guitar-lstm:
 contrast  ratio      SE   df null t.ratio p.value
 wasm / js 1.004 0.01170 1296    1   0.329  0.7426

Backend = wasm-bypass, Environment = Firefox, Model.Unique = guitar-lstm:
 contrast  ratio      SE   df null t.ratio p.value
 wasm / js 0.958 0.01120 1296    1  -3.658  0.0003

Backend = js-bypass, Environment = Firefox, Model.Unique = guitar-lstm:
 contrast  ratio      SE   df null t.ratio p.value
 wasm / js 0.917 0.01070 1296    1  -7.415 <0.0001

Backend = js-onnx, Environment = Firefox, Model.Unique = guitar-lstm:
 contrast  ratio      SE   df null t.ratio p.value
 wasm / js 0.991 0.01160 1296    1  -0.735  0.4623

Backend = wasm-onnx, Environment = Firefox, Model.Unique = guitar-lstm:
 contrast  ratio      SE   df null t.ratio p.value
 wasm / js 0.992 0.01160 1296    1  -0.662  0.5081

Backend = wasm-bypass, Environment = Safari, Model.Unique = guitar-lstm:
 contrast  ratio      SE   df null t.ratio p.value
 wasm / js 0.833 0.00971 1296    1 -15.714 <0.0001

Backend = js-bypass, Environment = Safari, Model.Unique = guitar-lstm:
 contrast  ratio      SE   df null t.ratio p.value
 wasm / js 0.801 0.00934 1296    1 -19.070 <0.0001

Backend = js-onnx, Environment = Safari, Model.Unique = guitar-lstm:
 contrast  ratio      SE   df null t.ratio p.value
 wasm / js 0.985 0.01150 1296    1  -1.331  0.1836

Backend = wasm-onnx, Environment = Safari, Model.Unique = guitar-lstm:
 contrast  ratio      SE   df null t.ratio p.value
 wasm / js 0.976 0.01140 1296    1  -2.083  0.0375

Backend = wasm-bypass, Environment = Chrome, Model.Unique = steerable-nafx:
 contrast  ratio      SE   df null t.ratio p.value
 wasm / js 0.978 0.01140 1296    1  -1.944  0.0521

Backend = js-bypass, Environment = Chrome, Model.Unique = steerable-nafx:
 contrast  ratio      SE   df null t.ratio p.value
 wasm / js 0.982 0.01150 1296    1  -1.530  0.1262

Backend = js-onnx, Environment = Chrome, Model.Unique = steerable-nafx:
 contrast  ratio      SE   df null t.ratio p.value
 wasm / js 0.998 0.01160 1296    1  -0.159  0.8738

Backend = wasm-onnx, Environment = Chrome, Model.Unique = steerable-nafx:
 contrast  ratio      SE   df null t.ratio p.value
 wasm / js 1.000 0.01170 1296    1   0.006  0.9954

Backend = wasm-bypass, Environment = Firefox, Model.Unique = steerable-nafx:
 contrast  ratio      SE   df null t.ratio p.value
 wasm / js 0.987 0.01150 1296    1  -1.163  0.2450

Backend = js-bypass, Environment = Firefox, Model.Unique = steerable-nafx:
 contrast  ratio      SE   df null t.ratio p.value
 wasm / js 1.009 0.01180 1296    1   0.782  0.4341

Backend = js-onnx, Environment = Firefox, Model.Unique = steerable-nafx:
 contrast  ratio      SE   df null t.ratio p.value
 wasm / js 1.001 0.01170 1296    1   0.049  0.9609

Backend = wasm-onnx, Environment = Firefox, Model.Unique = steerable-nafx:
 contrast  ratio      SE   df null t.ratio p.value
 wasm / js 1.000 0.01170 1296    1  -0.014  0.9890

Backend = wasm-bypass, Environment = Safari, Model.Unique = steerable-nafx:
 contrast  ratio      SE   df null t.ratio p.value
 wasm / js 1.014 0.01180 1296    1   1.229  0.2192

Backend = js-bypass, Environment = Safari, Model.Unique = steerable-nafx:
 contrast  ratio      SE   df null t.ratio p.value
 wasm / js 0.961 0.01120 1296    1  -3.419  0.0006

Backend = js-onnx, Environment = Safari, Model.Unique = steerable-nafx:
 contrast  ratio      SE   df null t.ratio p.value
 wasm / js 1.002 0.01170 1296    1   0.131  0.8956

Backend = wasm-onnx, Environment = Safari, Model.Unique = steerable-nafx:
 contrast  ratio      SE   df null t.ratio p.value
 wasm / js 0.998 0.01160 1296    1  -0.130  0.8966

Results are averaged over the levels of: Buffer.Size, Iteration.Count 
Degrees-of-freedom method: kenward-roger 
Tests are performed on the log scale 
emm_rq3_pp.csv written to ./results/50-5

Full factorial Backend × PP by buffer size × browser × model

Buffer.Size = 128, Environment = Chrome, Model.Unique = guitar-lstm:
 Backend     PP   response       SE   df lower.CL upper.CL
 wasm-bypass wasm 1.21e-03 1.73e-05 1296 1.18e-03 1.24e-03
 js-bypass   wasm 1.27e-03 1.81e-05 1296 1.23e-03 1.31e-03
 js-onnx     wasm 1.31e-02 1.86e-04 1296 1.27e-02 1.34e-02
 wasm-onnx   wasm 1.28e-02 1.83e-04 1296 1.25e-02 1.32e-02
 wasm-bypass js   1.28e-03 1.83e-05 1296 1.25e-03 1.32e-03
 js-bypass   js   1.32e-03 1.89e-05 1296 1.29e-03 1.36e-03
 js-onnx     js   1.28e-02 1.83e-04 1296 1.25e-02 1.32e-02
 wasm-onnx   js   1.26e-02 1.80e-04 1296 1.22e-02 1.29e-02

Buffer.Size = 1024, Environment = Chrome, Model.Unique = guitar-lstm:
 Backend     PP   response       SE   df lower.CL upper.CL
 wasm-bypass wasm 9.85e-04 1.41e-05 1296 9.58e-04 1.01e-03
 js-bypass   wasm 9.93e-04 1.42e-05 1296 9.65e-04 1.02e-03
 js-onnx     wasm 1.19e-02 1.70e-04 1296 1.16e-02 1.23e-02
 wasm-onnx   wasm 1.16e-02 1.66e-04 1296 1.13e-02 1.20e-02
 wasm-bypass js   9.94e-04 1.42e-05 1296 9.67e-04 1.02e-03
 js-bypass   js   1.00e-03 1.43e-05 1296 9.76e-04 1.03e-03
 js-onnx     js   1.19e-02 1.70e-04 1296 1.16e-02 1.23e-02
 wasm-onnx   js   1.17e-02 1.67e-04 1296 1.13e-02 1.20e-02

Buffer.Size = 8192, Environment = Chrome, Model.Unique = guitar-lstm:
 Backend     PP   response       SE   df lower.CL upper.CL
 wasm-bypass wasm 9.55e-04 1.36e-05 1296 9.28e-04 9.82e-04
 js-bypass   wasm 9.54e-04 1.36e-05 1296 9.28e-04 9.81e-04
 js-onnx     wasm 1.17e-02 1.68e-04 1296 1.14e-02 1.21e-02
 wasm-onnx   wasm 1.15e-02 1.65e-04 1296 1.12e-02 1.19e-02
 wasm-bypass js   9.63e-04 1.38e-05 1296 9.36e-04 9.90e-04
 js-bypass   js   9.61e-04 1.37e-05 1296 9.34e-04 9.88e-04
 js-onnx     js   1.18e-02 1.68e-04 1296 1.14e-02 1.21e-02
 wasm-onnx   js   1.16e-02 1.66e-04 1296 1.13e-02 1.19e-02

Buffer.Size = 128, Environment = Firefox, Model.Unique = guitar-lstm:
 Backend     PP   response       SE   df lower.CL upper.CL
 wasm-bypass wasm 1.07e-03 1.52e-05 1296 1.04e-03 1.10e-03
 js-bypass   wasm 1.10e-03 1.57e-05 1296 1.07e-03 1.13e-03
 js-onnx     wasm 6.71e-03 9.58e-05 1296 6.52e-03 6.90e-03
 wasm-onnx   wasm 7.60e-03 1.09e-04 1296 7.39e-03 7.82e-03
 wasm-bypass js   1.11e-03 1.59e-05 1296 1.08e-03 1.14e-03
 js-bypass   js   1.25e-03 1.78e-05 1296 1.21e-03 1.28e-03
 js-onnx     js   6.73e-03 9.62e-05 1296 6.55e-03 6.93e-03
 wasm-onnx   js   7.62e-03 1.09e-04 1296 7.41e-03 7.84e-03

Buffer.Size = 1024, Environment = Firefox, Model.Unique = guitar-lstm:
 Backend     PP   response       SE   df lower.CL upper.CL
 wasm-bypass wasm 6.74e-04 9.63e-06 1296 6.55e-04 6.93e-04
 js-bypass   wasm 6.61e-04 9.44e-06 1296 6.43e-04 6.80e-04
 js-onnx     wasm 5.77e-03 8.24e-05 1296 5.61e-03 5.93e-03
 wasm-onnx   wasm 6.15e-03 8.79e-05 1296 5.98e-03 6.33e-03
 wasm-bypass js   6.96e-04 9.94e-06 1296 6.76e-04 7.15e-04
 js-bypass   js   7.11e-04 1.02e-05 1296 6.92e-04 7.32e-04
 js-onnx     js   5.85e-03 8.35e-05 1296 5.69e-03 6.01e-03
 wasm-onnx   js   6.24e-03 8.91e-05 1296 6.07e-03 6.41e-03

Buffer.Size = 8192, Environment = Firefox, Model.Unique = guitar-lstm:
 Backend     PP   response       SE   df lower.CL upper.CL
 wasm-bypass wasm 6.17e-04 8.82e-06 1296 6.00e-04 6.35e-04
 js-bypass   wasm 6.18e-04 8.83e-06 1296 6.01e-04 6.36e-04
 js-onnx     wasm 5.72e-03 8.17e-05 1296 5.56e-03 5.88e-03
 wasm-onnx   wasm 6.08e-03 8.69e-05 1296 5.92e-03 6.26e-03
 wasm-bypass js   6.53e-04 9.33e-06 1296 6.35e-04 6.72e-04
 js-bypass   js   6.57e-04 9.39e-06 1296 6.39e-04 6.76e-04
 js-onnx     js   5.77e-03 8.24e-05 1296 5.61e-03 5.93e-03
 wasm-onnx   js   6.13e-03 8.75e-05 1296 5.96e-03 6.30e-03

Buffer.Size = 128, Environment = Safari, Model.Unique = guitar-lstm:
 Backend     PP   response       SE   df lower.CL upper.CL
 wasm-bypass wasm 1.27e-03 1.82e-05 1296 1.24e-03 1.31e-03
 js-bypass   wasm 1.33e-03 1.89e-05 1296 1.29e-03 1.36e-03
 js-onnx     wasm 7.91e-03 1.13e-04 1296 7.69e-03 8.13e-03
 wasm-onnx   wasm 7.51e-03 1.07e-04 1296 7.31e-03 7.73e-03
 wasm-bypass js   1.31e-03 1.87e-05 1296 1.27e-03 1.35e-03
 js-bypass   js   1.43e-03 2.04e-05 1296 1.39e-03 1.47e-03
 js-onnx     js   7.76e-03 1.11e-04 1296 7.55e-03 7.99e-03
 wasm-onnx   js   7.62e-03 1.09e-04 1296 7.41e-03 7.84e-03

Buffer.Size = 1024, Environment = Safari, Model.Unique = guitar-lstm:
 Backend     PP   response       SE   df lower.CL upper.CL
 wasm-bypass wasm 6.38e-04 9.11e-06 1296 6.20e-04 6.56e-04
 js-bypass   wasm 6.10e-04 8.72e-06 1296 5.93e-04 6.28e-04
 js-onnx     wasm 6.16e-03 8.80e-05 1296 5.99e-03 6.34e-03
 wasm-onnx   wasm 5.61e-03 8.02e-05 1296 5.46e-03 5.77e-03
 wasm-bypass js   8.26e-04 1.18e-05 1296 8.03e-04 8.49e-04
 js-bypass   js   7.64e-04 1.09e-05 1296 7.43e-04 7.86e-04
 js-onnx     js   6.34e-03 9.06e-05 1296 6.16e-03 6.52e-03
 wasm-onnx   js   5.80e-03 8.28e-05 1296 5.64e-03 5.96e-03

Buffer.Size = 8192, Environment = Safari, Model.Unique = guitar-lstm:
 Backend     PP   response       SE   df lower.CL upper.CL
 wasm-bypass wasm 5.20e-04 7.43e-06 1296 5.06e-04 5.35e-04
 js-bypass   wasm 5.26e-04 7.51e-06 1296 5.11e-04 5.41e-04
 js-onnx     wasm 5.80e-03 8.29e-05 1296 5.64e-03 5.97e-03
 wasm-onnx   wasm 5.33e-03 7.62e-05 1296 5.19e-03 5.48e-03
 wasm-bypass js   6.76e-04 9.65e-06 1296 6.57e-04 6.95e-04
 js-bypass   js   7.60e-04 1.09e-05 1296 7.39e-04 7.81e-04
 js-onnx     js   6.02e-03 8.59e-05 1296 5.85e-03 6.19e-03
 wasm-onnx   js   5.48e-03 7.83e-05 1296 5.33e-03 5.63e-03

Buffer.Size = 128, Environment = Chrome, Model.Unique = steerable-nafx:
 Backend     PP   response       SE   df lower.CL upper.CL
 wasm-bypass wasm 8.93e-04 1.28e-05 1296 8.68e-04 9.18e-04
 js-bypass   wasm 9.25e-04 1.32e-05 1296 8.99e-04 9.51e-04
 js-onnx     wasm 2.80e-01 4.00e-03 1296 2.72e-01 2.88e-01
 wasm-onnx   wasm 2.78e-01 3.97e-03 1296 2.70e-01 2.86e-01
 wasm-bypass js   9.16e-04 1.31e-05 1296 8.91e-04 9.42e-04
 js-bypass   js   9.53e-04 1.36e-05 1296 9.26e-04 9.80e-04
 js-onnx     js   2.81e-01 4.01e-03 1296 2.73e-01 2.89e-01
 wasm-onnx   js   2.78e-01 3.97e-03 1296 2.70e-01 2.85e-01

Buffer.Size = 1024, Environment = Chrome, Model.Unique = steerable-nafx:
 Backend     PP   response       SE   df lower.CL upper.CL
 wasm-bypass wasm 1.18e-04 1.69e-06 1296 1.15e-04 1.22e-04
 js-bypass   wasm 1.25e-04 1.79e-06 1296 1.22e-04 1.29e-04
 js-onnx     wasm 3.75e-02 5.36e-04 1296 3.65e-02 3.86e-02
 wasm-onnx   wasm 3.73e-02 5.32e-04 1296 3.62e-02 3.83e-02
 wasm-bypass js   1.25e-04 1.79e-06 1296 1.22e-04 1.29e-04
 js-bypass   js   1.28e-04 1.83e-06 1296 1.25e-04 1.32e-04
 js-onnx     js   3.76e-02 5.38e-04 1296 3.66e-02 3.87e-02
 wasm-onnx   js   3.73e-02 5.33e-04 1296 3.63e-02 3.83e-02

Buffer.Size = 8192, Environment = Chrome, Model.Unique = steerable-nafx:
 Backend     PP   response       SE   df lower.CL upper.CL
 wasm-bypass wasm 3.85e-05 5.49e-07 1296 3.74e-05 3.95e-05
 js-bypass   wasm 4.02e-05 5.74e-07 1296 3.91e-05 4.13e-05
 js-onnx     wasm 7.27e-03 1.04e-04 1296 7.07e-03 7.48e-03
 wasm-onnx   wasm 7.27e-03 1.04e-04 1296 7.07e-03 7.47e-03
 wasm-bypass js   3.80e-05 5.43e-07 1296 3.69e-05 3.91e-05
 js-bypass   js   4.01e-05 5.73e-07 1296 3.90e-05 4.13e-05
 js-onnx     js   7.28e-03 1.04e-04 1296 7.07e-03 7.48e-03
 wasm-onnx   js   7.27e-03 1.04e-04 1296 7.07e-03 7.48e-03

Buffer.Size = 128, Environment = Firefox, Model.Unique = steerable-nafx:
 Backend     PP   response       SE   df lower.CL upper.CL
 wasm-bypass wasm 9.30e-04 1.33e-05 1296 9.04e-04 9.56e-04
 js-bypass   wasm 9.27e-04 1.32e-05 1296 9.02e-04 9.54e-04
 js-onnx     wasm 1.37e-01 1.96e-03 1296 1.34e-01 1.41e-01
 wasm-onnx   wasm 1.37e-01 1.95e-03 1296 1.33e-01 1.41e-01
 wasm-bypass js   9.29e-04 1.33e-05 1296 9.03e-04 9.55e-04
 js-bypass   js   9.29e-04 1.33e-05 1296 9.04e-04 9.56e-04
 js-onnx     js   1.37e-01 1.96e-03 1296 1.33e-01 1.41e-01
 wasm-onnx   js   1.37e-01 1.95e-03 1296 1.33e-01 1.41e-01

Buffer.Size = 1024, Environment = Firefox, Model.Unique = steerable-nafx:
 Backend     PP   response       SE   df lower.CL upper.CL
 wasm-bypass wasm 1.17e-04 1.67e-06 1296 1.14e-04 1.20e-04
 js-bypass   wasm 1.18e-04 1.68e-06 1296 1.15e-04 1.21e-04
 js-onnx     wasm 1.83e-02 2.62e-04 1296 1.78e-02 1.88e-02
 wasm-onnx   wasm 1.84e-02 2.63e-04 1296 1.79e-02 1.89e-02
 wasm-bypass js   1.17e-04 1.67e-06 1296 1.14e-04 1.20e-04
 js-bypass   js   1.21e-04 1.73e-06 1296 1.18e-04 1.24e-04
 js-onnx     js   1.83e-02 2.62e-04 1296 1.78e-02 1.88e-02
 wasm-onnx   js   1.85e-02 2.64e-04 1296 1.79e-02 1.90e-02

Buffer.Size = 8192, Environment = Firefox, Model.Unique = steerable-nafx:
 Backend     PP   response       SE   df lower.CL upper.CL
 wasm-bypass wasm 2.58e-05 3.68e-07 1296 2.51e-05 2.65e-05
 js-bypass   wasm 2.90e-05 4.14e-07 1296 2.82e-05 2.98e-05
 js-onnx     wasm 3.54e-03 5.06e-05 1296 3.45e-03 3.64e-03
 wasm-onnx   wasm 3.66e-03 5.23e-05 1296 3.56e-03 3.77e-03
 wasm-bypass js   2.69e-05 3.84e-07 1296 2.62e-05 2.77e-05
 js-bypass   js   2.74e-05 3.92e-07 1296 2.67e-05 2.82e-05
 js-onnx     js   3.54e-03 5.06e-05 1296 3.45e-03 3.64e-03
 wasm-onnx   js   3.66e-03 5.23e-05 1296 3.56e-03 3.77e-03

Buffer.Size = 128, Environment = Safari, Model.Unique = steerable-nafx:
 Backend     PP   response       SE   df lower.CL upper.CL
 wasm-bypass wasm 1.00e-03 1.43e-05 1296 9.72e-04 1.03e-03
 js-bypass   wasm 9.97e-04 1.42e-05 1296 9.69e-04 1.03e-03
 js-onnx     wasm 1.36e-01 1.95e-03 1296 1.33e-01 1.40e-01
 wasm-onnx   wasm 1.36e-01 1.95e-03 1296 1.33e-01 1.40e-01
 wasm-bypass js   9.91e-04 1.42e-05 1296 9.63e-04 1.02e-03
 js-bypass   js   1.01e-03 1.45e-05 1296 9.85e-04 1.04e-03
 js-onnx     js   1.36e-01 1.94e-03 1296 1.32e-01 1.40e-01
 wasm-onnx   js   1.37e-01 1.95e-03 1296 1.33e-01 1.41e-01

Buffer.Size = 1024, Environment = Safari, Model.Unique = steerable-nafx:
 Backend     PP   response       SE   df lower.CL upper.CL
 wasm-bypass wasm 1.31e-04 1.87e-06 1296 1.27e-04 1.35e-04
 js-bypass   wasm 1.43e-04 2.04e-06 1296 1.39e-04 1.47e-04
 js-onnx     wasm 1.82e-02 2.60e-04 1296 1.77e-02 1.87e-02
 wasm-onnx   wasm 1.84e-02 2.63e-04 1296 1.79e-02 1.89e-02
 wasm-bypass js   1.32e-04 1.88e-06 1296 1.28e-04 1.35e-04
 js-bypass   js   1.40e-04 2.00e-06 1296 1.36e-04 1.44e-04
 js-onnx     js   1.82e-02 2.60e-04 1296 1.77e-02 1.87e-02
 wasm-onnx   js   1.84e-02 2.63e-04 1296 1.79e-02 1.90e-02

Buffer.Size = 8192, Environment = Safari, Model.Unique = steerable-nafx:
 Backend     PP   response       SE   df lower.CL upper.CL
 wasm-bypass wasm 2.81e-05 4.01e-07 1296 2.73e-05 2.89e-05
 js-bypass   wasm 2.91e-05 4.15e-07 1296 2.82e-05 2.99e-05
 js-onnx     wasm 3.53e-03 5.05e-05 1296 3.44e-03 3.63e-03
 wasm-onnx   wasm 3.62e-03 5.18e-05 1296 3.52e-03 3.73e-03
 wasm-bypass js   2.71e-05 3.86e-07 1296 2.63e-05 2.78e-05
 js-bypass   js   3.29e-05 4.70e-07 1296 3.20e-05 3.38e-05
 js-onnx     js   3.53e-03 5.04e-05 1296 3.43e-03 3.63e-03
 wasm-onnx   js   3.63e-03 5.18e-05 1296 3.53e-03 3.73e-03

Results are averaged over the levels of: Iteration.Count 
Degrees-of-freedom method: kenward-roger 
Confidence level used: 0.95 
Intervals are back-transformed from the log scale 
Buffer.Size = 128, Environment = Chrome, Model.Unique = guitar-lstm:
 contrast                                 ratio       SE   df null  t.ratio
 (wasm-bypass wasm) / (js-bypass wasm) 9.53e-01 0.019300 1296    1   -2.360
 (wasm-bypass wasm) / (js-onnx wasm)   9.27e-02 0.001870 1296    1 -117.709
 (wasm-bypass wasm) / (wasm-onnx wasm) 9.45e-02 0.001910 1296    1 -116.788
 (wasm-bypass wasm) / (wasm-bypass js) 9.44e-01 0.019100 1296    1   -2.846
 (wasm-bypass wasm) / (js-bypass js)   9.14e-01 0.018500 1296    1   -4.429
 (wasm-bypass wasm) / (js-onnx js)     9.45e-02 0.001910 1296    1 -116.781
 (wasm-bypass wasm) / (wasm-onnx js)   9.63e-02 0.001940 1296    1 -115.872
 (js-bypass wasm) / (js-onnx wasm)     9.73e-02 0.001970 1296    1 -115.349
 (js-bypass wasm) / (wasm-onnx wasm)   9.91e-02 0.002000 1296    1 -114.428
 (js-bypass wasm) / (wasm-bypass js)   9.90e-01 0.020000 1296    1   -0.486
 (js-bypass wasm) / (js-bypass js)     9.59e-01 0.019400 1296    1   -2.069
 (js-bypass wasm) / (js-onnx js)       9.91e-02 0.002000 1296    1 -114.421
 (js-bypass wasm) / (wasm-onnx js)     1.01e-01 0.002040 1296    1 -113.512
 (js-onnx wasm) / (wasm-onnx wasm)     1.02e+00 0.020600 1296    1    0.921
 (js-onnx wasm) / (wasm-bypass js)     1.02e+01 0.206000 1296    1  114.863
 (js-onnx wasm) / (js-bypass js)       9.86e+00 0.199000 1296    1  113.280
 (js-onnx wasm) / (js-onnx js)         1.02e+00 0.020600 1296    1    0.928
 (js-onnx wasm) / (wasm-onnx js)       1.04e+00 0.021000 1296    1    1.837
 (wasm-onnx wasm) / (wasm-bypass js)   9.99e+00 0.202000 1296    1  113.943
 (wasm-onnx wasm) / (js-bypass js)     9.68e+00 0.195000 1296    1  112.360
 (wasm-onnx wasm) / (js-onnx js)       1.00e+00 0.020200 1296    1    0.007
 (wasm-onnx wasm) / (wasm-onnx js)     1.02e+00 0.020600 1296    1    0.917
 (wasm-bypass js) / (js-bypass js)     9.69e-01 0.019600 1296    1   -1.583
 (wasm-bypass js) / (js-onnx js)       1.00e-01 0.002020 1296    1 -113.936
 (wasm-bypass js) / (wasm-onnx js)     1.02e-01 0.002060 1296    1 -113.026
 (js-bypass js) / (js-onnx js)         1.03e-01 0.002090 1296    1 -112.353
 (js-bypass js) / (wasm-onnx js)       1.05e-01 0.002130 1296    1 -111.443
 (js-onnx js) / (wasm-onnx js)         1.02e+00 0.020600 1296    1    0.910
 p.value
  0.1842
 <0.0001
 <0.0001
  0.0495
  0.0001
 <0.0001
 <0.0001
 <0.0001
 <0.0001
  1.0000
  0.3490
 <0.0001
 <0.0001
  1.0000
 <0.0001
 <0.0001
  1.0000
  0.5312
 <0.0001
 <0.0001
  1.0000
  1.0000
  0.7956
 <0.0001
 <0.0001
 <0.0001
 <0.0001
  1.0000

Buffer.Size = 1024, Environment = Chrome, Model.Unique = guitar-lstm:
 contrast                                 ratio       SE   df null  t.ratio
 (wasm-bypass wasm) / (js-bypass wasm) 9.92e-01 0.020000 1296    1   -0.393
 (wasm-bypass wasm) / (js-onnx wasm)   8.27e-02 0.001670 1296    1 -123.405
 (wasm-bypass wasm) / (wasm-onnx wasm) 8.46e-02 0.001710 1296    1 -122.247
 (wasm-bypass wasm) / (wasm-bypass js) 9.91e-01 0.020000 1296    1   -0.461
 (wasm-bypass wasm) / (js-bypass js)   9.81e-01 0.019800 1296    1   -0.956
 (wasm-bypass wasm) / (js-onnx js)     8.27e-02 0.001670 1296    1 -123.416
 (wasm-bypass wasm) / (wasm-onnx js)   8.44e-02 0.001700 1296    1 -122.390
 (js-bypass wasm) / (js-onnx wasm)     8.33e-02 0.001680 1296    1 -123.012
 (js-bypass wasm) / (wasm-onnx wasm)   8.53e-02 0.001720 1296    1 -121.854
 (js-bypass wasm) / (wasm-bypass js)   9.99e-01 0.020200 1296    1   -0.068
 (js-bypass wasm) / (js-bypass js)     9.89e-01 0.020000 1296    1   -0.564
 (js-bypass wasm) / (js-onnx js)       8.33e-02 0.001680 1296    1 -123.023
 (js-bypass wasm) / (wasm-onnx js)     8.51e-02 0.001720 1296    1 -121.997
 (js-onnx wasm) / (wasm-onnx wasm)     1.02e+00 0.020700 1296    1    1.158
 (js-onnx wasm) / (wasm-bypass js)     1.20e+01 0.242000 1296    1  122.944
 (js-onnx wasm) / (js-bypass js)       1.19e+01 0.240000 1296    1  122.448
 (js-onnx wasm) / (js-onnx js)         1.00e+00 0.020200 1296    1   -0.011
 (js-onnx wasm) / (wasm-onnx js)       1.02e+00 0.020600 1296    1    1.015
 (wasm-onnx wasm) / (wasm-bypass js)   1.17e+01 0.236000 1296    1  121.786
 (wasm-onnx wasm) / (js-bypass js)     1.16e+01 0.234000 1296    1  121.290
 (wasm-onnx wasm) / (js-onnx js)       9.77e-01 0.019700 1296    1   -1.169
 (wasm-onnx wasm) / (wasm-onnx js)     9.97e-01 0.020100 1296    1   -0.143
 (wasm-bypass js) / (js-bypass js)     9.90e-01 0.020000 1296    1   -0.496
 (wasm-bypass js) / (js-onnx js)       8.34e-02 0.001680 1296    1 -122.955
 (wasm-bypass js) / (wasm-onnx js)     8.52e-02 0.001720 1296    1 -121.929
 (js-bypass js) / (js-onnx js)         8.43e-02 0.001700 1296    1 -122.460
 (js-bypass js) / (wasm-onnx js)       8.60e-02 0.001740 1296    1 -121.433
 (js-onnx js) / (wasm-onnx js)         1.02e+00 0.020600 1296    1    1.026
 p.value
  1.0000
 <0.0001
 <0.0001
  1.0000
  1.0000
 <0.0001
 <0.0001
 <0.0001
 <0.0001
  1.0000
  1.0000
 <0.0001
 <0.0001
  1.0000
 <0.0001
 <0.0001
  1.0000
  1.0000
 <0.0001
 <0.0001
  1.0000
  1.0000
  1.0000
 <0.0001
 <0.0001
 <0.0001
 <0.0001
  1.0000

Buffer.Size = 8192, Environment = Chrome, Model.Unique = guitar-lstm:
 contrast                                 ratio       SE   df null  t.ratio
 (wasm-bypass wasm) / (js-bypass wasm) 1.00e+00 0.020200 1296    1    0.033
 (wasm-bypass wasm) / (js-onnx wasm)   8.14e-02 0.001640 1296    1 -124.188
 (wasm-bypass wasm) / (wasm-onnx wasm) 8.27e-02 0.001670 1296    1 -123.412
 (wasm-bypass wasm) / (wasm-bypass js) 9.92e-01 0.020000 1296    1   -0.413
 (wasm-bypass wasm) / (js-bypass js)   9.94e-01 0.020100 1296    1   -0.314
 (wasm-bypass wasm) / (js-onnx js)     8.12e-02 0.001640 1296    1 -124.273
 (wasm-bypass wasm) / (wasm-onnx js)   8.23e-02 0.001660 1296    1 -123.616
 (js-bypass wasm) / (js-onnx wasm)     8.13e-02 0.001640 1296    1 -124.221
 (js-bypass wasm) / (wasm-onnx wasm)   8.26e-02 0.001670 1296    1 -123.445
 (js-bypass wasm) / (wasm-bypass js)   9.91e-01 0.020000 1296    1   -0.446
 (js-bypass wasm) / (js-bypass js)     9.93e-01 0.020100 1296    1   -0.348
 (js-bypass wasm) / (js-onnx js)       8.12e-02 0.001640 1296    1 -124.306
 (js-bypass wasm) / (wasm-onnx js)     8.23e-02 0.001660 1296    1 -123.649
 (js-onnx wasm) / (wasm-onnx wasm)     1.02e+00 0.020500 1296    1    0.776
 (js-onnx wasm) / (wasm-bypass js)     1.22e+01 0.246000 1296    1  123.774
 (js-onnx wasm) / (js-bypass js)       1.22e+01 0.247000 1296    1  123.873
 (js-onnx wasm) / (js-onnx js)         9.98e-01 0.020200 1296    1   -0.085
 (js-onnx wasm) / (wasm-onnx js)       1.01e+00 0.020400 1296    1    0.571
 (wasm-onnx wasm) / (wasm-bypass js)   1.20e+01 0.242000 1296    1  122.999
 (wasm-onnx wasm) / (js-bypass js)     1.20e+01 0.243000 1296    1  123.097
 (wasm-onnx wasm) / (js-onnx js)       9.83e-01 0.019900 1296    1   -0.861
 (wasm-onnx wasm) / (wasm-onnx js)     9.96e-01 0.020100 1296    1   -0.204
 (wasm-bypass js) / (js-bypass js)     1.00e+00 0.020200 1296    1    0.099
 (wasm-bypass js) / (js-onnx js)       8.19e-02 0.001660 1296    1 -123.860
 (wasm-bypass js) / (wasm-onnx js)     8.30e-02 0.001680 1296    1 -123.203
 (js-bypass js) / (js-onnx js)         8.18e-02 0.001650 1296    1 -123.958
 (js-bypass js) / (wasm-onnx js)       8.28e-02 0.001670 1296    1 -123.302
 (js-onnx js) / (wasm-onnx js)         1.01e+00 0.020500 1296    1    0.656
 p.value
  1.0000
 <0.0001
 <0.0001
  1.0000
  1.0000
 <0.0001
 <0.0001
 <0.0001
 <0.0001
  1.0000
  1.0000
 <0.0001
 <0.0001
  1.0000
 <0.0001
 <0.0001
  1.0000
  1.0000
 <0.0001
 <0.0001
  1.0000
  1.0000
  1.0000
 <0.0001
 <0.0001
 <0.0001
 <0.0001
  1.0000

Buffer.Size = 128, Environment = Firefox, Model.Unique = guitar-lstm:
 contrast                                 ratio       SE   df null  t.ratio
 (wasm-bypass wasm) / (js-bypass wasm) 9.69e-01 0.019600 1296    1   -1.563
 (wasm-bypass wasm) / (js-onnx wasm)   1.59e-01 0.003210 1296    1  -90.998
 (wasm-bypass wasm) / (wasm-onnx wasm) 1.40e-01 0.002840 1296    1  -97.208
 (wasm-bypass wasm) / (wasm-bypass js) 9.61e-01 0.019400 1296    1   -1.964
 (wasm-bypass wasm) / (js-bypass js)   8.56e-01 0.017300 1296    1   -7.711
 (wasm-bypass wasm) / (js-onnx js)     1.58e-01 0.003200 1296    1  -91.206
 (wasm-bypass wasm) / (wasm-onnx js)   1.40e-01 0.002830 1296    1  -97.323
 (js-bypass wasm) / (js-onnx wasm)     1.64e-01 0.003320 1296    1  -89.435
 (js-bypass wasm) / (wasm-onnx wasm)   1.45e-01 0.002930 1296    1  -95.645
 (js-bypass wasm) / (wasm-bypass js)   9.92e-01 0.020000 1296    1   -0.402
 (js-bypass wasm) / (js-bypass js)     8.83e-01 0.017800 1296    1   -6.149
 (js-bypass wasm) / (js-onnx js)       1.64e-01 0.003300 1296    1  -89.643
 (js-bypass wasm) / (wasm-onnx js)     1.45e-01 0.002920 1296    1  -95.760
 (js-onnx wasm) / (wasm-onnx wasm)     8.82e-01 0.017800 1296    1   -6.210
 (js-onnx wasm) / (wasm-bypass js)     6.04e+00 0.122000 1296    1   89.033
 (js-onnx wasm) / (js-bypass js)       5.38e+00 0.109000 1296    1   83.287
 (js-onnx wasm) / (js-onnx js)         9.96e-01 0.020100 1296    1   -0.208
 (js-onnx wasm) / (wasm-onnx js)       8.80e-01 0.017800 1296    1   -6.325
 (wasm-onnx wasm) / (wasm-bypass js)   6.85e+00 0.138000 1296    1   95.243
 (wasm-onnx wasm) / (js-bypass js)     6.10e+00 0.123000 1296    1   89.496
 (wasm-onnx wasm) / (js-onnx js)       1.13e+00 0.022800 1296    1    6.002
 (wasm-onnx wasm) / (wasm-onnx js)     9.98e-01 0.020200 1296    1   -0.115
 (wasm-bypass js) / (js-bypass js)     8.90e-01 0.018000 1296    1   -5.747
 (wasm-bypass js) / (js-onnx js)       1.65e-01 0.003330 1296    1  -89.241
 (wasm-bypass js) / (wasm-onnx js)     1.46e-01 0.002940 1296    1  -95.358
 (js-bypass js) / (js-onnx js)         1.85e-01 0.003740 1296    1  -83.494
 (js-bypass js) / (wasm-onnx js)       1.64e-01 0.003300 1296    1  -89.612
 (js-onnx js) / (wasm-onnx js)         8.84e-01 0.017900 1296    1   -6.117
 p.value
  0.4737
 <0.0001
 <0.0001
  0.2484
 <0.0001
 <0.0001
 <0.0001
 <0.0001
 <0.0001
  1.0000
 <0.0001
 <0.0001
 <0.0001
 <0.0001
 <0.0001
 <0.0001
  1.0000
 <0.0001
 <0.0001
 <0.0001
 <0.0001
  1.0000
 <0.0001
 <0.0001
 <0.0001
 <0.0001
 <0.0001
 <0.0001

Buffer.Size = 1024, Environment = Firefox, Model.Unique = guitar-lstm:
 contrast                                 ratio       SE   df null  t.ratio
 (wasm-bypass wasm) / (js-bypass wasm) 1.02e+00 0.020600 1296    1    0.984
 (wasm-bypass wasm) / (js-onnx wasm)   1.17e-01 0.002360 1296    1 -106.287
 (wasm-bypass wasm) / (wasm-onnx wasm) 1.10e-01 0.002210 1296    1 -109.472
 (wasm-bypass wasm) / (wasm-bypass js) 9.69e-01 0.019600 1296    1   -1.551
 (wasm-bypass wasm) / (js-bypass js)   9.48e-01 0.019100 1296    1   -2.668
 (wasm-bypass wasm) / (js-onnx js)     1.15e-01 0.002330 1296    1 -106.950
 (wasm-bypass wasm) / (wasm-onnx js)   1.08e-01 0.002180 1296    1 -110.147
 (js-bypass wasm) / (js-onnx wasm)     1.15e-01 0.002310 1296    1 -107.272
 (js-bypass wasm) / (wasm-onnx wasm)   1.07e-01 0.002170 1296    1 -110.456
 (js-bypass wasm) / (wasm-bypass js)   9.50e-01 0.019200 1296    1   -2.535
 (js-bypass wasm) / (js-bypass js)     9.29e-01 0.018800 1296    1   -3.652
 (js-bypass wasm) / (js-onnx js)       1.13e-01 0.002280 1296    1 -107.935
 (js-bypass wasm) / (wasm-onnx js)     1.06e-01 0.002140 1296    1 -111.131
 (js-onnx wasm) / (wasm-onnx wasm)     9.38e-01 0.018900 1296    1   -3.185
 (js-onnx wasm) / (wasm-bypass js)     8.30e+00 0.168000 1296    1  104.736
 (js-onnx wasm) / (js-bypass js)       8.11e+00 0.164000 1296    1  103.619
 (js-onnx wasm) / (js-onnx js)         9.87e-01 0.019900 1296    1   -0.663
 (js-onnx wasm) / (wasm-onnx js)       9.25e-01 0.018700 1296    1   -3.860
 (wasm-onnx wasm) / (wasm-bypass js)   8.85e+00 0.179000 1296    1  107.921
 (wasm-onnx wasm) / (js-bypass js)     8.65e+00 0.175000 1296    1  106.804
 (wasm-onnx wasm) / (js-onnx js)       1.05e+00 0.021300 1296    1    2.521
 (wasm-onnx wasm) / (wasm-onnx js)     9.86e-01 0.019900 1296    1   -0.675
 (wasm-bypass js) / (js-bypass js)     9.78e-01 0.019800 1296    1   -1.117
 (wasm-bypass js) / (js-onnx js)       1.19e-01 0.002400 1296    1 -105.400
 (wasm-bypass js) / (wasm-onnx js)     1.12e-01 0.002250 1296    1 -108.596
 (js-bypass js) / (js-onnx js)         1.22e-01 0.002460 1296    1 -104.282
 (js-bypass js) / (wasm-onnx js)       1.14e-01 0.002300 1296    1 -107.479
 (js-onnx js) / (wasm-onnx js)         9.37e-01 0.018900 1296    1   -3.196
 p.value
  1.0000
 <0.0001
 <0.0001
  0.6058
  0.0618
 <0.0001
 <0.0001
 <0.0001
 <0.0001
  0.0795
  0.0030
 <0.0001
 <0.0001
  0.0142
 <0.0001
 <0.0001
  1.0000
  0.0014
 <0.0001
 <0.0001
  0.0795
  1.0000
  1.0000
 <0.0001
 <0.0001
 <0.0001
 <0.0001
  0.0142

Buffer.Size = 8192, Environment = Firefox, Model.Unique = guitar-lstm:
 contrast                                 ratio       SE   df null  t.ratio
 (wasm-bypass wasm) / (js-bypass wasm) 9.98e-01 0.020200 1296    1   -0.083
 (wasm-bypass wasm) / (js-onnx wasm)   1.08e-01 0.002180 1296    1 -110.235
 (wasm-bypass wasm) / (wasm-onnx wasm) 1.01e-01 0.002050 1296    1 -113.289
 (wasm-bypass wasm) / (wasm-bypass js) 9.45e-01 0.019100 1296    1   -2.820
 (wasm-bypass wasm) / (js-bypass js)   9.39e-01 0.019000 1296    1   -3.124
 (wasm-bypass wasm) / (js-onnx js)     1.07e-01 0.002160 1296    1 -110.637
 (wasm-bypass wasm) / (wasm-onnx js)   1.01e-01 0.002030 1296    1 -113.645
 (js-bypass wasm) / (js-onnx wasm)     1.08e-01 0.002180 1296    1 -110.152
 (js-bypass wasm) / (wasm-onnx wasm)   1.02e-01 0.002050 1296    1 -113.206
 (js-bypass wasm) / (wasm-bypass js)   9.46e-01 0.019100 1296    1   -2.737
 (js-bypass wasm) / (js-bypass js)     9.40e-01 0.019000 1296    1   -3.041
 (js-bypass wasm) / (js-onnx js)       1.07e-01 0.002160 1296    1 -110.554
 (js-bypass wasm) / (wasm-onnx js)     1.01e-01 0.002040 1296    1 -113.562
 (js-onnx wasm) / (wasm-onnx wasm)     9.40e-01 0.019000 1296    1   -3.054
 (js-onnx wasm) / (wasm-bypass js)     8.76e+00 0.177000 1296    1  107.415
 (js-onnx wasm) / (js-bypass js)       8.70e+00 0.176000 1296    1  107.111
 (js-onnx wasm) / (js-onnx js)         9.92e-01 0.020000 1296    1   -0.402
 (js-onnx wasm) / (wasm-onnx js)       9.33e-01 0.018900 1296    1   -3.411
 (wasm-onnx wasm) / (wasm-bypass js)   9.31e+00 0.188000 1296    1  110.469
 (wasm-onnx wasm) / (js-bypass js)     9.26e+00 0.187000 1296    1  110.165
 (wasm-onnx wasm) / (js-onnx js)       1.06e+00 0.021300 1296    1    2.651
 (wasm-onnx wasm) / (wasm-onnx js)     9.93e-01 0.020100 1296    1   -0.357
 (wasm-bypass js) / (js-bypass js)     9.94e-01 0.020100 1296    1   -0.304
 (wasm-bypass js) / (js-onnx js)       1.13e-01 0.002290 1296    1 -107.817
 (wasm-bypass js) / (wasm-onnx js)     1.07e-01 0.002150 1296    1 -110.825
 (js-bypass js) / (js-onnx js)         1.14e-01 0.002300 1296    1 -107.513
 (js-bypass js) / (wasm-onnx js)       1.07e-01 0.002170 1296    1 -110.521
 (js-onnx js) / (wasm-onnx js)         9.41e-01 0.019000 1296    1   -3.008
 p.value
  1.0000
 <0.0001
 <0.0001
  0.0341
  0.0201
 <0.0001
 <0.0001
 <0.0001
 <0.0001
  0.0377
  0.0230
 <0.0001
 <0.0001
  0.0230
 <0.0001
 <0.0001
  1.0000
  0.0080
 <0.0001
 <0.0001
  0.0406
  1.0000
  1.0000
 <0.0001
 <0.0001
 <0.0001
 <0.0001
  0.0230

Buffer.Size = 128, Environment = Safari, Model.Unique = guitar-lstm:
 contrast                                 ratio       SE   df null  t.ratio
 (wasm-bypass wasm) / (js-bypass wasm) 9.59e-01 0.019400 1296    1   -2.090
 (wasm-bypass wasm) / (js-onnx wasm)   1.61e-01 0.003250 1296    1  -90.511
 (wasm-bypass wasm) / (wasm-onnx wasm) 1.69e-01 0.003420 1296    1  -87.970
 (wasm-bypass wasm) / (wasm-bypass js) 9.71e-01 0.019600 1296    1   -1.448
 (wasm-bypass wasm) / (js-bypass js)   8.90e-01 0.018000 1296    1   -5.781
 (wasm-bypass wasm) / (js-onnx js)     1.64e-01 0.003310 1296    1  -89.603
 (wasm-bypass wasm) / (wasm-onnx js)   1.67e-01 0.003370 1296    1  -88.662
 (js-bypass wasm) / (js-onnx wasm)     1.68e-01 0.003390 1296    1  -88.421
 (js-bypass wasm) / (wasm-onnx wasm)   1.76e-01 0.003560 1296    1  -85.880
 (js-bypass wasm) / (wasm-bypass js)   1.01e+00 0.020500 1296    1    0.641
 (js-bypass wasm) / (js-bypass js)     9.28e-01 0.018700 1296    1   -3.691
 (js-bypass wasm) / (js-onnx js)       1.71e-01 0.003450 1296    1  -87.513
 (js-bypass wasm) / (wasm-onnx js)     1.74e-01 0.003510 1296    1  -86.572
 (js-onnx wasm) / (wasm-onnx wasm)     1.05e+00 0.021300 1296    1    2.541
 (js-onnx wasm) / (wasm-bypass js)     6.04e+00 0.122000 1296    1   89.062
 (js-onnx wasm) / (js-bypass js)       5.54e+00 0.112000 1296    1   84.730
 (js-onnx wasm) / (js-onnx js)         1.02e+00 0.020600 1296    1    0.908
 (js-onnx wasm) / (wasm-onnx js)       1.04e+00 0.021000 1296    1    1.849
 (wasm-onnx wasm) / (wasm-bypass js)   5.74e+00 0.116000 1296    1   86.522
 (wasm-onnx wasm) / (js-bypass js)     5.26e+00 0.106000 1296    1   82.189
 (wasm-onnx wasm) / (js-onnx js)       9.68e-01 0.019500 1296    1   -1.633
 (wasm-onnx wasm) / (wasm-onnx js)     9.86e-01 0.019900 1296    1   -0.692
 (wasm-bypass js) / (js-bypass js)     9.16e-01 0.018500 1296    1   -4.333
 (wasm-bypass js) / (js-onnx js)       1.69e-01 0.003400 1296    1  -88.154
 (wasm-bypass js) / (wasm-onnx js)     1.72e-01 0.003470 1296    1  -87.214
 (js-bypass js) / (js-onnx js)         1.84e-01 0.003720 1296    1  -83.822
 (js-bypass js) / (wasm-onnx js)       1.87e-01 0.003790 1296    1  -82.881
 (js-onnx js) / (wasm-onnx js)         1.02e+00 0.020600 1296    1    0.941
 p.value
  0.2947
 <0.0001
 <0.0001
  0.7390
 <0.0001
 <0.0001
 <0.0001
 <0.0001
 <0.0001
  1.0000
  0.0023
 <0.0001
 <0.0001
  0.1006
 <0.0001
 <0.0001
  1.0000
  0.4532
 <0.0001
 <0.0001
  0.6165
  1.0000
  0.0002
 <0.0001
 <0.0001
 <0.0001
 <0.0001
  1.0000

Buffer.Size = 1024, Environment = Safari, Model.Unique = guitar-lstm:
 contrast                                 ratio       SE   df null  t.ratio
 (wasm-bypass wasm) / (js-bypass wasm) 1.04e+00 0.021100 1296    1    2.179
 (wasm-bypass wasm) / (js-onnx wasm)   1.04e-01 0.002090 1296    1 -112.268
 (wasm-bypass wasm) / (wasm-onnx wasm) 1.14e-01 0.002300 1296    1 -107.662
 (wasm-bypass wasm) / (wasm-bypass js) 7.72e-01 0.015600 1296    1  -12.797
 (wasm-bypass wasm) / (js-bypass js)   8.34e-01 0.016900 1296    1   -8.967
 (wasm-bypass wasm) / (js-onnx js)     1.01e-01 0.002030 1296    1 -113.687
 (wasm-bypass wasm) / (wasm-onnx js)   1.10e-01 0.002220 1296    1 -109.243
 (js-bypass wasm) / (js-onnx wasm)     9.91e-02 0.002000 1296    1 -114.447
 (js-bypass wasm) / (wasm-onnx wasm)   1.09e-01 0.002200 1296    1 -109.840
 (js-bypass wasm) / (wasm-bypass js)   7.39e-01 0.014900 1296    1  -14.976
 (js-bypass wasm) / (js-bypass js)     7.98e-01 0.016100 1296    1  -11.146
 (js-bypass wasm) / (js-onnx js)       9.63e-02 0.001940 1296    1 -115.865
 (js-bypass wasm) / (wasm-onnx js)     1.05e-01 0.002130 1296    1 -111.421
 (js-onnx wasm) / (wasm-onnx wasm)     1.10e+00 0.022200 1296    1    4.607
 (js-onnx wasm) / (wasm-bypass js)     7.46e+00 0.151000 1296    1   99.471
 (js-onnx wasm) / (js-bypass js)       8.06e+00 0.163000 1296    1  103.301
 (js-onnx wasm) / (js-onnx js)         9.72e-01 0.019600 1296    1   -1.418
 (js-onnx wasm) / (wasm-onnx js)       1.06e+00 0.021500 1296    1    3.026
 (wasm-onnx wasm) / (wasm-bypass js)   6.80e+00 0.137000 1296    1   94.865
 (wasm-onnx wasm) / (js-bypass js)     7.34e+00 0.148000 1296    1   98.694
 (wasm-onnx wasm) / (js-onnx js)       8.85e-01 0.017900 1296    1   -6.025
 (wasm-onnx wasm) / (wasm-onnx js)     9.69e-01 0.019600 1296    1   -1.581
 (wasm-bypass js) / (js-bypass js)     1.08e+00 0.021800 1296    1    3.830
 (wasm-bypass js) / (js-onnx js)       1.30e-01 0.002630 1296    1 -100.890
 (wasm-bypass js) / (wasm-onnx js)     1.43e-01 0.002880 1296    1  -96.445
 (js-bypass js) / (js-onnx js)         1.21e-01 0.002440 1296    1 -104.719
 (js-bypass js) / (wasm-onnx js)       1.32e-01 0.002660 1296    1 -100.275
 (js-onnx js) / (wasm-onnx js)         1.09e+00 0.022100 1296    1    4.444
 p.value
  0.0886
 <0.0001
 <0.0001
 <0.0001
 <0.0001
 <0.0001
 <0.0001
 <0.0001
 <0.0001
 <0.0001
 <0.0001
 <0.0001
 <0.0001
 <0.0001
 <0.0001
 <0.0001
  0.2283
  0.0101
 <0.0001
 <0.0001
 <0.0001
  0.2283
  0.0007
 <0.0001
 <0.0001
 <0.0001
 <0.0001
 <0.0001

Buffer.Size = 8192, Environment = Safari, Model.Unique = guitar-lstm:
 contrast                                 ratio       SE   df null  t.ratio
 (wasm-bypass wasm) / (js-bypass wasm) 9.88e-01 0.020000 1296    1   -0.578
 (wasm-bypass wasm) / (js-onnx wasm)   8.96e-02 0.001810 1296    1 -119.416
 (wasm-bypass wasm) / (wasm-onnx wasm) 9.75e-02 0.001970 1296    1 -115.241
 (wasm-bypass wasm) / (wasm-bypass js) 7.69e-01 0.015500 1296    1  -12.973
 (wasm-bypass wasm) / (js-bypass js)   6.84e-01 0.013800 1296    1  -18.771
 (wasm-bypass wasm) / (js-onnx js)     8.64e-02 0.001750 1296    1 -121.211
 (wasm-bypass wasm) / (wasm-onnx js)   9.49e-02 0.001920 1296    1 -116.575
 (js-bypass wasm) / (js-onnx wasm)     9.07e-02 0.001830 1296    1 -118.839
 (js-bypass wasm) / (wasm-onnx wasm)   9.86e-02 0.001990 1296    1 -114.663
 (js-bypass wasm) / (wasm-bypass js)   7.78e-01 0.015700 1296    1  -12.395
 (js-bypass wasm) / (js-bypass js)     6.92e-01 0.014000 1296    1  -18.193
 (js-bypass wasm) / (js-onnx js)       8.74e-02 0.001770 1296    1 -120.633
 (js-bypass wasm) / (wasm-onnx js)     9.60e-02 0.001940 1296    1 -115.998
 (js-onnx wasm) / (wasm-onnx wasm)     1.09e+00 0.022000 1296    1    4.176
 (js-onnx wasm) / (wasm-bypass js)     8.59e+00 0.173000 1296    1  106.444
 (js-onnx wasm) / (js-bypass js)       7.64e+00 0.154000 1296    1  100.645
 (js-onnx wasm) / (js-onnx js)         9.64e-01 0.019500 1296    1   -1.794
 (js-onnx wasm) / (wasm-onnx js)       1.06e+00 0.021400 1296    1    2.841
 (wasm-onnx wasm) / (wasm-bypass js)   7.89e+00 0.159000 1296    1  102.268
 (wasm-onnx wasm) / (js-bypass js)     7.02e+00 0.142000 1296    1   96.470
 (wasm-onnx wasm) / (js-onnx js)       8.86e-01 0.017900 1296    1   -5.970
 (wasm-onnx wasm) / (wasm-onnx js)     9.73e-01 0.019700 1296    1   -1.335
 (wasm-bypass js) / (js-bypass js)     8.89e-01 0.018000 1296    1   -5.798
 (wasm-bypass js) / (js-onnx js)       1.12e-01 0.002270 1296    1 -108.238
 (wasm-bypass js) / (wasm-onnx js)     1.23e-01 0.002490 1296    1 -103.603
 (js-bypass js) / (js-onnx js)         1.26e-01 0.002550 1296    1 -102.440
 (js-bypass js) / (wasm-onnx js)       1.39e-01 0.002800 1296    1  -97.804
 (js-onnx js) / (wasm-onnx js)         1.10e+00 0.022200 1296    1    4.635
 p.value
  0.5636
 <0.0001
 <0.0001
 <0.0001
 <0.0001
 <0.0001
 <0.0001
 <0.0001
 <0.0001
 <0.0001
 <0.0001
 <0.0001
 <0.0001
  0.0002
 <0.0001
 <0.0001
  0.2190
  0.0183
 <0.0001
 <0.0001
 <0.0001
  0.3644
 <0.0001
 <0.0001
 <0.0001
 <0.0001
 <0.0001
 <0.0001

Buffer.Size = 128, Environment = Chrome, Model.Unique = steerable-nafx:
 contrast                                 ratio       SE   df null  t.ratio
 (wasm-bypass wasm) / (js-bypass wasm) 9.65e-01 0.019500 1296    1   -1.741
 (wasm-bypass wasm) / (js-onnx wasm)   3.19e-03 0.000064 1296    1 -284.584
 (wasm-bypass wasm) / (wasm-onnx wasm) 3.21e-03 0.000065 1296    1 -284.205
 (wasm-bypass wasm) / (wasm-bypass js) 9.74e-01 0.019700 1296    1   -1.304
 (wasm-bypass wasm) / (js-bypass js)   9.37e-01 0.018900 1296    1   -3.216
 (wasm-bypass wasm) / (js-onnx js)     3.18e-03 0.000064 1296    1 -284.689
 (wasm-bypass wasm) / (wasm-onnx js)   3.22e-03 0.000065 1296    1 -284.134
 (js-bypass wasm) / (js-onnx wasm)     3.30e-03 0.000067 1296    1 -282.843
 (js-bypass wasm) / (wasm-onnx wasm)   3.33e-03 0.000067 1296    1 -282.465
 (js-bypass wasm) / (wasm-bypass js)   1.01e+00 0.020400 1296    1    0.437
 (js-bypass wasm) / (js-bypass js)     9.71e-01 0.019600 1296    1   -1.476
 (js-bypass wasm) / (js-onnx js)       3.29e-03 0.000067 1296    1 -282.949
 (js-bypass wasm) / (wasm-onnx js)     3.33e-03 0.000067 1296    1 -282.394
 (js-onnx wasm) / (wasm-onnx wasm)     1.01e+00 0.020400 1296    1    0.378
 (js-onnx wasm) / (wasm-bypass js)     3.06e+02 6.170000 1296    1  283.280
 (js-onnx wasm) / (js-bypass js)       2.94e+02 5.940000 1296    1  281.367
 (js-onnx wasm) / (js-onnx js)         9.98e-01 0.020200 1296    1   -0.105
 (js-onnx wasm) / (wasm-onnx js)       1.01e+00 0.020400 1296    1    0.450
 (wasm-onnx wasm) / (wasm-bypass js)   3.03e+02 6.130000 1296    1  282.901
 (wasm-onnx wasm) / (js-bypass js)     2.92e+02 5.900000 1296    1  280.989
 (wasm-onnx wasm) / (js-onnx js)       9.90e-01 0.020000 1296    1   -0.484
 (wasm-onnx wasm) / (wasm-onnx js)     1.00e+00 0.020200 1296    1    0.071
 (wasm-bypass js) / (js-bypass js)     9.62e-01 0.019400 1296    1   -1.912
 (wasm-bypass js) / (js-onnx js)       3.26e-03 0.000066 1296    1 -283.385
 (wasm-bypass js) / (wasm-onnx js)     3.30e-03 0.000067 1296    1 -282.830
 (js-bypass js) / (js-onnx js)         3.39e-03 0.000069 1296    1 -281.473
 (js-bypass js) / (wasm-onnx js)       3.43e-03 0.000069 1296    1 -280.918
 (js-onnx js) / (wasm-onnx js)         1.01e+00 0.020400 1296    1    0.555
 p.value
  0.8199
 <0.0001
 <0.0001
  1.0000
  0.0160
 <0.0001
 <0.0001
 <0.0001
 <0.0001
  1.0000
  1.0000
 <0.0001
 <0.0001
  1.0000
 <0.0001
 <0.0001
  1.0000
  1.0000
 <0.0001
 <0.0001
  1.0000
  1.0000
  0.6165
 <0.0001
 <0.0001
 <0.0001
 <0.0001
  1.0000

Buffer.Size = 1024, Environment = Chrome, Model.Unique = steerable-nafx:
 contrast                                 ratio       SE   df null  t.ratio
 (wasm-bypass wasm) / (js-bypass wasm) 9.47e-01 0.019100 1296    1   -2.721
 (wasm-bypass wasm) / (js-onnx wasm)   3.16e-03 0.000064 1296    1 -285.021
 (wasm-bypass wasm) / (wasm-onnx wasm) 3.18e-03 0.000064 1296    1 -284.695
 (wasm-bypass wasm) / (wasm-bypass js) 9.48e-01 0.019100 1296    1   -2.666
 (wasm-bypass wasm) / (js-bypass js)   9.23e-01 0.018700 1296    1   -3.946
 (wasm-bypass wasm) / (js-onnx js)     3.15e-03 0.000064 1296    1 -285.174
 (wasm-bypass wasm) / (wasm-onnx js)   3.18e-03 0.000064 1296    1 -284.714
 (js-bypass wasm) / (js-onnx wasm)     3.34e-03 0.000067 1296    1 -282.299
 (js-bypass wasm) / (wasm-onnx wasm)   3.36e-03 0.000068 1296    1 -281.974
 (js-bypass wasm) / (wasm-bypass js)   1.00e+00 0.020200 1296    1    0.056
 (js-bypass wasm) / (js-bypass js)     9.76e-01 0.019700 1296    1   -1.225
 (js-bypass wasm) / (js-onnx js)       3.33e-03 0.000067 1296    1 -282.453
 (js-bypass wasm) / (wasm-onnx js)     3.36e-03 0.000068 1296    1 -281.993
 (js-onnx wasm) / (wasm-onnx wasm)     1.01e+00 0.020300 1296    1    0.326
 (js-onnx wasm) / (wasm-bypass js)     3.00e+02 6.060000 1296    1  282.355
 (js-onnx wasm) / (js-bypass js)       2.92e+02 5.910000 1296    1  281.074
 (js-onnx wasm) / (js-onnx js)         9.97e-01 0.020100 1296    1   -0.154
 (js-onnx wasm) / (wasm-onnx js)       1.01e+00 0.020300 1296    1    0.307
 (wasm-onnx wasm) / (wasm-bypass js)   2.98e+02 6.020000 1296    1  282.029
 (wasm-onnx wasm) / (js-bypass js)     2.90e+02 5.870000 1296    1  280.749
 (wasm-onnx wasm) / (js-onnx js)       9.90e-01 0.020000 1296    1   -0.480
 (wasm-onnx wasm) / (wasm-onnx js)     1.00e+00 0.020200 1296    1   -0.019
 (wasm-bypass js) / (js-bypass js)     9.74e-01 0.019700 1296    1   -1.281
 (wasm-bypass js) / (js-onnx js)       3.32e-03 0.000067 1296    1 -282.509
 (wasm-bypass js) / (wasm-onnx js)     3.35e-03 0.000068 1296    1 -282.048
 (js-bypass js) / (js-onnx js)         3.41e-03 0.000069 1296    1 -281.228
 (js-bypass js) / (wasm-onnx js)       3.44e-03 0.000070 1296    1 -280.768
 (js-onnx js) / (wasm-onnx js)         1.01e+00 0.020400 1296    1    0.461
 p.value
  0.0725
 <0.0001
 <0.0001
  0.0778
  0.0010
 <0.0001
 <0.0001
 <0.0001
 <0.0001
  1.0000
  1.0000
 <0.0001
 <0.0001
  1.0000
 <0.0001
 <0.0001
  1.0000
  1.0000
 <0.0001
 <0.0001
  1.0000
  1.0000
  1.0000
 <0.0001
 <0.0001
 <0.0001
 <0.0001
  1.0000

Buffer.Size = 8192, Environment = Chrome, Model.Unique = steerable-nafx:
 contrast                                 ratio       SE   df null  t.ratio
 (wasm-bypass wasm) / (js-bypass wasm) 9.58e-01 0.019300 1296    1   -2.140
 (wasm-bypass wasm) / (js-onnx wasm)   5.29e-03 0.000107 1296    1 -259.515
 (wasm-bypass wasm) / (wasm-onnx wasm) 5.29e-03 0.000107 1296    1 -259.468
 (wasm-bypass wasm) / (wasm-bypass js) 1.01e+00 0.020400 1296    1    0.602
 (wasm-bypass wasm) / (js-bypass js)   9.59e-01 0.019400 1296    1   -2.090
 (wasm-bypass wasm) / (js-onnx js)     5.29e-03 0.000107 1296    1 -259.531
 (wasm-bypass wasm) / (wasm-onnx js)   5.29e-03 0.000107 1296    1 -259.510
 (js-bypass wasm) / (js-onnx wasm)     5.52e-03 0.000112 1296    1 -257.375
 (js-bypass wasm) / (wasm-onnx wasm)   5.53e-03 0.000112 1296    1 -257.328
 (js-bypass wasm) / (wasm-bypass js)   1.06e+00 0.021400 1296    1    2.743
 (js-bypass wasm) / (js-bypass js)     1.00e+00 0.020200 1296    1    0.050
 (js-bypass wasm) / (js-onnx js)       5.52e-03 0.000111 1296    1 -257.391
 (js-bypass wasm) / (wasm-onnx js)     5.52e-03 0.000112 1296    1 -257.370
 (js-onnx wasm) / (wasm-onnx wasm)     1.00e+00 0.020200 1296    1    0.047
 (js-onnx wasm) / (wasm-bypass js)     1.91e+02 3.870000 1296    1  260.117
 (js-onnx wasm) / (js-bypass js)       1.81e+02 3.660000 1296    1  257.425
 (js-onnx wasm) / (js-onnx js)         1.00e+00 0.020200 1296    1   -0.016
 (js-onnx wasm) / (wasm-onnx js)       1.00e+00 0.020200 1296    1    0.005
 (wasm-onnx wasm) / (wasm-bypass js)   1.91e+02 3.860000 1296    1  260.070
 (wasm-onnx wasm) / (js-bypass js)     1.81e+02 3.660000 1296    1  257.378
 (wasm-onnx wasm) / (js-onnx js)       9.99e-01 0.020200 1296    1   -0.063
 (wasm-onnx wasm) / (wasm-onnx js)     9.99e-01 0.020200 1296    1   -0.042
 (wasm-bypass js) / (js-bypass js)     9.47e-01 0.019100 1296    1   -2.692
 (wasm-bypass js) / (js-onnx js)       5.22e-03 0.000105 1296    1 -260.133
 (wasm-bypass js) / (wasm-onnx js)     5.22e-03 0.000106 1296    1 -260.113
 (js-bypass js) / (js-onnx js)         5.51e-03 0.000111 1296    1 -257.441
 (js-bypass js) / (wasm-onnx js)       5.52e-03 0.000111 1296    1 -257.420
 (js-onnx js) / (wasm-onnx js)         1.00e+00 0.020200 1296    1    0.021
 p.value
  0.3251
 <0.0001
 <0.0001
  1.0000
  0.3313
 <0.0001
 <0.0001
 <0.0001
 <0.0001
  0.0742
  1.0000
 <0.0001
 <0.0001
  1.0000
 <0.0001
 <0.0001
  1.0000
  1.0000
 <0.0001
 <0.0001
  1.0000
  1.0000
  0.0791
 <0.0001
 <0.0001
 <0.0001
 <0.0001
  1.0000

Buffer.Size = 128, Environment = Firefox, Model.Unique = steerable-nafx:
 contrast                                 ratio       SE   df null  t.ratio
 (wasm-bypass wasm) / (js-bypass wasm) 1.00e+00 0.020300 1296    1    0.122
 (wasm-bypass wasm) / (js-onnx wasm)   6.76e-03 0.000137 1296    1 -247.325
 (wasm-bypass wasm) / (wasm-onnx wasm) 6.80e-03 0.000137 1296    1 -247.075
 (wasm-bypass wasm) / (wasm-bypass js) 1.00e+00 0.020200 1296    1    0.051
 (wasm-bypass wasm) / (js-bypass js)   1.00e+00 0.020200 1296    1    0.013
 (wasm-bypass wasm) / (js-onnx js)     6.78e-03 0.000137 1296    1 -247.218
 (wasm-bypass wasm) / (wasm-onnx js)   6.80e-03 0.000137 1296    1 -247.031
 (js-bypass wasm) / (js-onnx wasm)     6.75e-03 0.000136 1296    1 -247.447
 (js-bypass wasm) / (wasm-onnx wasm)   6.78e-03 0.000137 1296    1 -247.197
 (js-bypass wasm) / (wasm-bypass js)   9.99e-01 0.020200 1296    1   -0.071
 (js-bypass wasm) / (js-bypass js)     9.98e-01 0.020200 1296    1   -0.109
 (js-bypass wasm) / (js-onnx js)       6.76e-03 0.000137 1296    1 -247.340
 (js-bypass wasm) / (wasm-onnx js)     6.79e-03 0.000137 1296    1 -247.153
 (js-onnx wasm) / (wasm-onnx wasm)     1.01e+00 0.020300 1296    1    0.250
 (js-onnx wasm) / (wasm-bypass js)     1.48e+02 2.990000 1296    1  247.377
 (js-onnx wasm) / (js-bypass js)       1.48e+02 2.990000 1296    1  247.338
 (js-onnx wasm) / (js-onnx js)         1.00e+00 0.020200 1296    1    0.107
 (js-onnx wasm) / (wasm-onnx js)       1.01e+00 0.020300 1296    1    0.294
 (wasm-onnx wasm) / (wasm-bypass js)   1.47e+02 2.970000 1296    1  247.126
 (wasm-onnx wasm) / (js-bypass js)     1.47e+02 2.970000 1296    1  247.088
 (wasm-onnx wasm) / (js-onnx js)       9.97e-01 0.020100 1296    1   -0.144
 (wasm-onnx wasm) / (wasm-onnx js)     1.00e+00 0.020200 1296    1    0.044
 (wasm-bypass js) / (js-bypass js)     9.99e-01 0.020200 1296    1   -0.038
 (wasm-bypass js) / (js-onnx js)       6.77e-03 0.000137 1296    1 -247.270
 (wasm-bypass js) / (wasm-onnx js)     6.80e-03 0.000137 1296    1 -247.083
 (js-bypass js) / (js-onnx js)         6.78e-03 0.000137 1296    1 -247.231
 (js-bypass js) / (wasm-onnx js)       6.80e-03 0.000137 1296    1 -247.044
 (js-onnx js) / (wasm-onnx js)         1.00e+00 0.020300 1296    1    0.187
 p.value
  1.0000
 <0.0001
 <0.0001
  1.0000
  1.0000
 <0.0001
 <0.0001
 <0.0001
 <0.0001
  1.0000
  1.0000
 <0.0001
 <0.0001
  1.0000
 <0.0001
 <0.0001
  1.0000
  1.0000
 <0.0001
 <0.0001
  1.0000
  1.0000
  1.0000
 <0.0001
 <0.0001
 <0.0001
 <0.0001
  1.0000

Buffer.Size = 1024, Environment = Firefox, Model.Unique = steerable-nafx:
 contrast                                 ratio       SE   df null  t.ratio
 (wasm-bypass wasm) / (js-bypass wasm) 9.92e-01 0.020000 1296    1   -0.376
 (wasm-bypass wasm) / (js-onnx wasm)   6.39e-03 0.000129 1296    1 -250.174
 (wasm-bypass wasm) / (wasm-onnx wasm) 6.35e-03 0.000128 1296    1 -250.457
 (wasm-bypass wasm) / (wasm-bypass js) 1.00e+00 0.020200 1296    1    0.057
 (wasm-bypass wasm) / (js-bypass js)   9.67e-01 0.019500 1296    1   -1.654
 (wasm-bypass wasm) / (js-onnx js)     6.38e-03 0.000129 1296    1 -250.184
 (wasm-bypass wasm) / (wasm-onnx js)   6.34e-03 0.000128 1296    1 -250.552
 (js-bypass wasm) / (js-onnx wasm)     6.43e-03 0.000130 1296    1 -249.798
 (js-bypass wasm) / (wasm-onnx wasm)   6.40e-03 0.000129 1296    1 -250.081
 (js-bypass wasm) / (wasm-bypass js)   1.01e+00 0.020400 1296    1    0.433
 (js-bypass wasm) / (js-bypass js)     9.75e-01 0.019700 1296    1   -1.279
 (js-bypass wasm) / (js-onnx js)       6.43e-03 0.000130 1296    1 -249.808
 (js-bypass wasm) / (wasm-onnx js)     6.39e-03 0.000129 1296    1 -250.176
 (js-onnx wasm) / (wasm-onnx wasm)     9.94e-01 0.020100 1296    1   -0.283
 (js-onnx wasm) / (wasm-bypass js)     1.57e+02 3.170000 1296    1  250.232
 (js-onnx wasm) / (js-bypass js)       1.51e+02 3.060000 1296    1  248.520
 (js-onnx wasm) / (js-onnx js)         1.00e+00 0.020200 1296    1   -0.010
 (js-onnx wasm) / (wasm-onnx js)       9.92e-01 0.020000 1296    1   -0.378
 (wasm-onnx wasm) / (wasm-bypass js)   1.58e+02 3.190000 1296    1  250.514
 (wasm-onnx wasm) / (js-bypass js)     1.52e+02 3.080000 1296    1  248.802
 (wasm-onnx wasm) / (js-onnx js)       1.01e+00 0.020300 1296    1    0.273
 (wasm-onnx wasm) / (wasm-onnx js)     9.98e-01 0.020200 1296    1   -0.096
 (wasm-bypass js) / (js-bypass js)     9.66e-01 0.019500 1296    1   -1.712
 (wasm-bypass js) / (js-onnx js)       6.38e-03 0.000129 1296    1 -250.241
 (wasm-bypass js) / (wasm-onnx js)     6.33e-03 0.000128 1296    1 -250.610
 (js-bypass js) / (js-onnx js)         6.60e-03 0.000133 1296    1 -248.529
 (js-bypass js) / (wasm-onnx js)       6.55e-03 0.000132 1296    1 -248.898
 (js-onnx js) / (wasm-onnx js)         9.93e-01 0.020100 1296    1   -0.368
 p.value
  1.0000
 <0.0001
 <0.0001
  1.0000
  1.0000
 <0.0001
 <0.0001
 <0.0001
 <0.0001
  1.0000
  1.0000
 <0.0001
 <0.0001
  1.0000
 <0.0001
 <0.0001
  1.0000
  1.0000
 <0.0001
 <0.0001
  1.0000
  1.0000
  1.0000
 <0.0001
 <0.0001
 <0.0001
 <0.0001
  1.0000

Buffer.Size = 8192, Environment = Firefox, Model.Unique = steerable-nafx:
 contrast                                 ratio       SE   df null  t.ratio
 (wasm-bypass wasm) / (js-bypass wasm) 8.89e-01 0.018000 1296    1   -5.828
 (wasm-bypass wasm) / (js-onnx wasm)   7.27e-03 0.000147 1296    1 -243.724
 (wasm-bypass wasm) / (wasm-onnx wasm) 7.03e-03 0.000142 1296    1 -245.391
 (wasm-bypass wasm) / (wasm-bypass js) 9.58e-01 0.019400 1296    1   -2.123
 (wasm-bypass wasm) / (js-bypass js)   9.40e-01 0.019000 1296    1   -3.085
 (wasm-bypass wasm) / (js-onnx js)     7.27e-03 0.000147 1296    1 -243.736
 (wasm-bypass wasm) / (wasm-onnx js)   7.04e-03 0.000142 1296    1 -245.363
 (js-bypass wasm) / (js-onnx wasm)     8.18e-03 0.000165 1296    1 -237.896
 (js-bypass wasm) / (wasm-onnx wasm)   7.91e-03 0.000160 1296    1 -239.563
 (js-bypass wasm) / (wasm-bypass js)   1.08e+00 0.021800 1296    1    3.705
 (js-bypass wasm) / (js-bypass js)     1.06e+00 0.021400 1296    1    2.743
 (js-bypass wasm) / (js-onnx js)       8.18e-03 0.000165 1296    1 -237.908
 (js-bypass wasm) / (wasm-onnx js)     7.92e-03 0.000160 1296    1 -239.535
 (js-onnx wasm) / (wasm-onnx wasm)     9.67e-01 0.019500 1296    1   -1.668
 (js-onnx wasm) / (wasm-bypass js)     1.32e+02 2.660000 1296    1  241.600
 (js-onnx wasm) / (js-bypass js)       1.29e+02 2.610000 1296    1  240.639
 (js-onnx wasm) / (js-onnx js)         1.00e+00 0.020200 1296    1   -0.012
 (js-onnx wasm) / (wasm-onnx js)       9.67e-01 0.019500 1296    1   -1.640
 (wasm-onnx wasm) / (wasm-bypass js)   1.36e+02 2.750000 1296    1  243.268
 (wasm-onnx wasm) / (js-bypass js)     1.34e+02 2.700000 1296    1  242.306
 (wasm-onnx wasm) / (js-onnx js)       1.03e+00 0.020900 1296    1    1.656
 (wasm-onnx wasm) / (wasm-onnx js)     1.00e+00 0.020200 1296    1    0.028
 (wasm-bypass js) / (js-bypass js)     9.81e-01 0.019800 1296    1   -0.962
 (wasm-bypass js) / (js-onnx js)       7.59e-03 0.000153 1296    1 -241.612
 (wasm-bypass js) / (wasm-onnx js)     7.35e-03 0.000148 1296    1 -243.240
 (js-bypass js) / (js-onnx js)         7.74e-03 0.000156 1296    1 -240.651
 (js-bypass js) / (wasm-onnx js)       7.49e-03 0.000151 1296    1 -242.278
 (js-onnx js) / (wasm-onnx js)         9.68e-01 0.019500 1296    1   -1.628
 p.value
 <0.0001
 <0.0001
 <0.0001
  0.2712
  0.0208
 <0.0001
 <0.0001
 <0.0001
 <0.0001
  0.0024
  0.0555
 <0.0001
 <0.0001
  0.6692
 <0.0001
 <0.0001
  1.0000
  0.6692
 <0.0001
 <0.0001
  0.6692
  1.0000
  1.0000
 <0.0001
 <0.0001
 <0.0001
 <0.0001
  0.6692

Buffer.Size = 128, Environment = Safari, Model.Unique = steerable-nafx:
 contrast                                 ratio       SE   df null  t.ratio
 (wasm-bypass wasm) / (js-bypass wasm) 1.00e+00 0.020300 1296    1    0.154
 (wasm-bypass wasm) / (js-onnx wasm)   7.34e-03 0.000148 1296    1 -243.309
 (wasm-bypass wasm) / (wasm-onnx wasm) 7.33e-03 0.000148 1296    1 -243.351
 (wasm-bypass wasm) / (wasm-bypass js) 1.01e+00 0.020400 1296    1    0.452
 (wasm-bypass wasm) / (js-bypass js)   9.87e-01 0.019900 1296    1   -0.644
 (wasm-bypass wasm) / (js-onnx js)     7.35e-03 0.000149 1296    1 -243.182
 (wasm-bypass wasm) / (wasm-onnx js)   7.31e-03 0.000148 1296    1 -243.479
 (js-bypass wasm) / (js-onnx wasm)     7.31e-03 0.000148 1296    1 -243.463
 (js-bypass wasm) / (wasm-onnx wasm)   7.31e-03 0.000148 1296    1 -243.505
 (js-bypass wasm) / (wasm-bypass js)   1.01e+00 0.020300 1296    1    0.299
 (js-bypass wasm) / (js-bypass js)     9.84e-01 0.019900 1296    1   -0.798
 (js-bypass wasm) / (js-onnx js)       7.33e-03 0.000148 1296    1 -243.336
 (js-bypass wasm) / (wasm-onnx js)     7.29e-03 0.000147 1296    1 -243.633
 (js-onnx wasm) / (wasm-onnx wasm)     9.99e-01 0.020200 1296    1   -0.042
 (js-onnx wasm) / (wasm-bypass js)     1.38e+02 2.780000 1296    1  243.762
 (js-onnx wasm) / (js-bypass js)       1.35e+02 2.720000 1296    1  242.666
 (js-onnx wasm) / (js-onnx js)         1.00e+00 0.020300 1296    1    0.127
 (js-onnx wasm) / (wasm-onnx js)       9.97e-01 0.020100 1296    1   -0.170
 (wasm-onnx wasm) / (wasm-bypass js)   1.38e+02 2.780000 1296    1  243.803
 (wasm-onnx wasm) / (js-bypass js)     1.35e+02 2.720000 1296    1  242.707
 (wasm-onnx wasm) / (js-onnx js)       1.00e+00 0.020300 1296    1    0.169
 (wasm-onnx wasm) / (wasm-onnx js)     9.97e-01 0.020100 1296    1   -0.128
 (wasm-bypass js) / (js-bypass js)     9.78e-01 0.019800 1296    1   -1.096
 (wasm-bypass js) / (js-onnx js)       7.29e-03 0.000147 1296    1 -243.635
 (wasm-bypass js) / (wasm-onnx js)     7.24e-03 0.000146 1296    1 -243.931
 (js-bypass js) / (js-onnx js)         7.45e-03 0.000151 1296    1 -242.538
 (js-bypass js) / (wasm-onnx js)       7.41e-03 0.000150 1296    1 -242.835
 (js-onnx js) / (wasm-onnx js)         9.94e-01 0.020100 1296    1   -0.297
 p.value
  1.0000
 <0.0001
 <0.0001
  1.0000
  1.0000
 <0.0001
 <0.0001
 <0.0001
 <0.0001
  1.0000
  1.0000
 <0.0001
 <0.0001
  1.0000
 <0.0001
 <0.0001
  1.0000
  1.0000
 <0.0001
 <0.0001
  1.0000
  1.0000
  1.0000
 <0.0001
 <0.0001
 <0.0001
 <0.0001
  1.0000

Buffer.Size = 1024, Environment = Safari, Model.Unique = steerable-nafx:
 contrast                                 ratio       SE   df null  t.ratio
 (wasm-bypass wasm) / (js-bypass wasm) 9.16e-01 0.018500 1296    1   -4.344
 (wasm-bypass wasm) / (js-onnx wasm)   7.19e-03 0.000145 1296    1 -244.307
 (wasm-bypass wasm) / (wasm-onnx wasm) 7.12e-03 0.000144 1296    1 -244.800
 (wasm-bypass wasm) / (wasm-bypass js) 9.97e-01 0.020100 1296    1   -0.172
 (wasm-bypass wasm) / (js-bypass js)   9.34e-01 0.018900 1296    1   -3.354
 (wasm-bypass wasm) / (js-onnx js)     7.19e-03 0.000145 1296    1 -244.271
 (wasm-bypass wasm) / (wasm-onnx js)   7.11e-03 0.000144 1296    1 -244.847
 (js-bypass wasm) / (js-onnx wasm)     7.85e-03 0.000159 1296    1 -239.963
 (js-bypass wasm) / (wasm-onnx wasm)   7.77e-03 0.000157 1296    1 -240.456
 (js-bypass wasm) / (wasm-bypass js)   1.09e+00 0.022000 1296    1    4.172
 (js-bypass wasm) / (js-bypass js)     1.02e+00 0.020600 1296    1    0.990
 (js-bypass wasm) / (js-onnx js)       7.85e-03 0.000159 1296    1 -239.927
 (js-bypass wasm) / (wasm-onnx js)     7.76e-03 0.000157 1296    1 -240.502
 (js-onnx wasm) / (wasm-onnx wasm)     9.90e-01 0.020000 1296    1   -0.492
 (js-onnx wasm) / (wasm-bypass js)     1.39e+02 2.800000 1296    1  244.135
 (js-onnx wasm) / (js-bypass js)       1.30e+02 2.630000 1296    1  240.953
 (js-onnx wasm) / (js-onnx js)         1.00e+00 0.020200 1296    1    0.037
 (js-onnx wasm) / (wasm-onnx js)       9.89e-01 0.020000 1296    1   -0.539
 (wasm-onnx wasm) / (wasm-bypass js)   1.40e+02 2.830000 1296    1  244.628
 (wasm-onnx wasm) / (js-bypass js)     1.31e+02 2.650000 1296    1  241.446
 (wasm-onnx wasm) / (js-onnx js)       1.01e+00 0.020400 1296    1    0.529
 (wasm-onnx wasm) / (wasm-onnx js)     9.99e-01 0.020200 1296    1   -0.047
 (wasm-bypass js) / (js-bypass js)     9.38e-01 0.018900 1296    1   -3.182
 (wasm-bypass js) / (js-onnx js)       7.22e-03 0.000146 1296    1 -244.099
 (wasm-bypass js) / (wasm-onnx js)     7.14e-03 0.000144 1296    1 -244.674
 (js-bypass js) / (js-onnx js)         7.70e-03 0.000156 1296    1 -240.917
 (js-bypass js) / (wasm-onnx js)       7.61e-03 0.000154 1296    1 -241.493
 (js-onnx js) / (wasm-onnx js)         9.88e-01 0.020000 1296    1   -0.576
 p.value
  0.0002
 <0.0001
 <0.0001
  1.0000
  0.0082
 <0.0001
 <0.0001
 <0.0001
 <0.0001
  0.0004
  1.0000
 <0.0001
 <0.0001
  1.0000
 <0.0001
 <0.0001
  1.0000
  1.0000
 <0.0001
 <0.0001
  1.0000
  1.0000
  0.0135
 <0.0001
 <0.0001
 <0.0001
 <0.0001
  1.0000

Buffer.Size = 8192, Environment = Safari, Model.Unique = steerable-nafx:
 contrast                                 ratio       SE   df null  t.ratio
 (wasm-bypass wasm) / (js-bypass wasm) 9.67e-01 0.019500 1296    1   -1.685
 (wasm-bypass wasm) / (js-onnx wasm)   7.95e-03 0.000161 1296    1 -239.344
 (wasm-bypass wasm) / (wasm-onnx wasm) 7.75e-03 0.000157 1296    1 -240.595
 (wasm-bypass wasm) / (wasm-bypass js) 1.04e+00 0.021000 1296    1    1.849
 (wasm-bypass wasm) / (js-bypass js)   8.54e-01 0.017300 1296    1   -7.800
 (wasm-bypass wasm) / (js-onnx js)     7.96e-03 0.000161 1296    1 -239.281
 (wasm-bypass wasm) / (wasm-onnx js)   7.74e-03 0.000156 1296    1 -240.645
 (js-bypass wasm) / (js-onnx wasm)     8.22e-03 0.000166 1296    1 -237.659
 (js-bypass wasm) / (wasm-onnx wasm)   8.02e-03 0.000162 1296    1 -238.909
 (js-bypass wasm) / (wasm-bypass js)   1.07e+00 0.021700 1296    1    3.534
 (js-bypass wasm) / (js-bypass js)     8.84e-01 0.017900 1296    1   -6.115
 (js-bypass wasm) / (js-onnx js)       8.23e-03 0.000166 1296    1 -237.595
 (js-bypass wasm) / (wasm-onnx js)     8.01e-03 0.000162 1296    1 -238.960
 (js-onnx wasm) / (wasm-onnx wasm)     9.75e-01 0.019700 1296    1   -1.250
 (js-onnx wasm) / (wasm-bypass js)     1.31e+02 2.640000 1296    1  241.193
 (js-onnx wasm) / (js-bypass js)       1.07e+02 2.170000 1296    1  231.544
 (js-onnx wasm) / (js-onnx js)         1.00e+00 0.020200 1296    1    0.064
 (js-onnx wasm) / (wasm-onnx js)       9.74e-01 0.019700 1296    1   -1.301
 (wasm-onnx wasm) / (wasm-bypass js)   1.34e+02 2.710000 1296    1  242.443
 (wasm-onnx wasm) / (js-bypass js)     1.10e+02 2.230000 1296    1  232.794
 (wasm-onnx wasm) / (js-onnx js)       1.03e+00 0.020700 1296    1    1.314
 (wasm-onnx wasm) / (wasm-onnx js)     9.99e-01 0.020200 1296    1   -0.051
 (wasm-bypass js) / (js-bypass js)     8.23e-01 0.016600 1296    1   -9.649
 (wasm-bypass js) / (js-onnx js)       7.67e-03 0.000155 1296    1 -241.130
 (wasm-bypass js) / (wasm-onnx js)     7.46e-03 0.000151 1296    1 -242.494
 (js-bypass js) / (js-onnx js)         9.32e-03 0.000188 1296    1 -231.481
 (js-bypass js) / (wasm-onnx js)       9.06e-03 0.000183 1296    1 -232.845
 (js-onnx js) / (wasm-onnx js)         9.73e-01 0.019700 1296    1   -1.364
 p.value
  0.6450
 <0.0001
 <0.0001
  0.5177
 <0.0001
 <0.0001
 <0.0001
 <0.0001
 <0.0001
  0.0038
 <0.0001
 <0.0001
 <0.0001
  1.0000
 <0.0001
 <0.0001
  1.0000
  1.0000
 <0.0001
 <0.0001
  1.0000
  1.0000
 <0.0001
 <0.0001
 <0.0001
 <0.0001
 <0.0001
  1.0000

Results are averaged over the levels of: Iteration.Count 
Degrees-of-freedom method: kenward-roger 
P value adjustment: holm method for 28 tests 
Tests are performed on the log scale 
emm_rq3_factorial.csv written to ./results/50-5
Backend:PP interaction: p = 2.565e-24 — SIGNIFICANT: averaging over the other factor may be misleading

PP overhead (averaged over backends, per browser × model)

NOTE: Results may be misleading due to involvement in interactions
Environment = Chrome, Model.Unique = guitar-lstm:
 PP   response       SE   df lower.CL upper.CL
 wasm  0.00357 1.47e-05 1296  0.00354  0.00360
 js    0.00360 1.49e-05 1296  0.00357  0.00363

Environment = Firefox, Model.Unique = guitar-lstm:
 PP   response       SE   df lower.CL upper.CL
 wasm  0.00220 9.06e-06 1296  0.00218  0.00221
 js    0.00228 9.39e-06 1296  0.00226  0.00230

Environment = Safari, Model.Unique = guitar-lstm:
 PP   response       SE   df lower.CL upper.CL
 wasm  0.00218 8.98e-06 1296  0.00216  0.00220
 js    0.00243 1.00e-05 1296  0.00242  0.00245

Environment = Chrome, Model.Unique = steerable-nafx:
 PP   response       SE   df lower.CL upper.CL
 wasm  0.00263 1.08e-05 1296  0.00261  0.00265
 js    0.00266 1.10e-05 1296  0.00264  0.00268

Environment = Firefox, Model.Unique = steerable-nafx:
 PP   response       SE   df lower.CL upper.CL
 wasm  0.00173 7.14e-06 1296  0.00172  0.00175
 js    0.00173 7.15e-06 1296  0.00172  0.00175

Environment = Safari, Model.Unique = steerable-nafx:
 PP   response       SE   df lower.CL upper.CL
 wasm  0.00181 7.45e-06 1296  0.00179  0.00182
 js    0.00182 7.50e-06 1296  0.00180  0.00183

Results are averaged over the levels of: Backend, Buffer.Size, Iteration.Count 
Degrees-of-freedom method: kenward-roger 
Confidence level used: 0.95 
Intervals are back-transformed from the log scale 
Environment = Chrome, Model.Unique = guitar-lstm:
 contrast  ratio      SE   df null t.ratio p.value
 wasm / js 0.991 0.00578 1296    1  -1.530  0.1263

Environment = Firefox, Model.Unique = guitar-lstm:
 contrast  ratio      SE   df null t.ratio p.value
 wasm / js 0.964 0.00562 1296    1  -6.235 <0.0001

Environment = Safari, Model.Unique = guitar-lstm:
 contrast  ratio      SE   df null t.ratio p.value
 wasm / js 0.895 0.00522 1296    1 -19.099 <0.0001

Environment = Chrome, Model.Unique = steerable-nafx:
 contrast  ratio      SE   df null t.ratio p.value
 wasm / js 0.989 0.00577 1296    1  -1.814  0.0700

Environment = Firefox, Model.Unique = steerable-nafx:
 contrast  ratio      SE   df null t.ratio p.value
 wasm / js 0.999 0.00583 1296    1  -0.173  0.8629

Environment = Safari, Model.Unique = steerable-nafx:
 contrast  ratio      SE   df null t.ratio p.value
 wasm / js 0.994 0.00579 1296    1  -1.094  0.2740

Results are averaged over the levels of: Backend, Buffer.Size, Iteration.Count 
Degrees-of-freedom method: kenward-roger 
Tests are performed on the log scale 
contrasts_rq3_pp_simple.csv written to ./results/50-5

Backend overhead (averaged over PP, per browser × model)

NOTE: Results may be misleading due to involvement in interactions
Environment = Chrome, Model.Unique = guitar-lstm:
 Backend     response       SE   df lower.CL upper.CL
 wasm-bypass 0.001057 6.16e-06 1296 0.001045 0.001069
 js-bypass   0.001074 6.26e-06 1296 0.001062 0.001086
 js-onnx     0.012183 7.10e-05 1296 0.012045 0.012324
 wasm-onnx   0.011962 6.98e-05 1296 0.011826 0.012100

Environment = Firefox, Model.Unique = guitar-lstm:
 Backend     response       SE   df lower.CL upper.CL
 wasm-bypass 0.000779 4.54e-06 1296 0.000770 0.000788
 js-bypass   0.000800 4.67e-06 1296 0.000791 0.000809
 js-onnx     0.006075 3.54e-05 1296 0.006006 0.006145
 wasm-onnx   0.006604 3.85e-05 1296 0.006528 0.006680

Environment = Safari, Model.Unique = guitar-lstm:
 Backend     response       SE   df lower.CL upper.CL
 wasm-bypass 0.000822 4.79e-06 1296 0.000812 0.000831
 js-bypass   0.000841 4.90e-06 1296 0.000831 0.000850
 js-onnx     0.006614 3.86e-05 1296 0.006539 0.006690
 wasm-onnx   0.006155 3.59e-05 1296 0.006085 0.006226

Environment = Chrome, Model.Unique = steerable-nafx:
 Backend     response       SE   df lower.CL upper.CL
 wasm-bypass 0.000161 9.42e-07 1296 0.000160 0.000163
 js-bypass   0.000168 9.82e-07 1296 0.000166 0.000170
 js-onnx     0.042478 2.48e-04 1296 0.041995 0.042967
 wasm-onnx   0.042223 2.46e-04 1296 0.041743 0.042709

Environment = Firefox, Model.Unique = steerable-nafx:
 Backend     response       SE   df lower.CL upper.CL
 wasm-bypass 0.000142 8.28e-07 1296 0.000140 0.000144
 js-bypass   0.000146 8.53e-07 1296 0.000145 0.000148
 js-onnx     0.020732 1.21e-04 1296 0.020496 0.020971
 wasm-onnx   0.020978 1.22e-04 1296 0.020740 0.021220

Environment = Safari, Model.Unique = steerable-nafx:
 Backend     response       SE   df lower.CL upper.CL
 wasm-bypass 0.000153 8.94e-07 1296 0.000152 0.000155
 js-bypass   0.000164 9.55e-07 1296 0.000162 0.000166
 js-onnx     0.020614 1.20e-04 1296 0.020380 0.020851
 wasm-onnx   0.020895 1.22e-04 1296 0.020657 0.021135

Results are averaged over the levels of: PP, Buffer.Size, Iteration.Count 
Degrees-of-freedom method: kenward-roger 
Confidence level used: 0.95 
Intervals are back-transformed from the log scale 
Environment = Chrome, Model.Unique = guitar-lstm:
 contrast                      ratio       SE   df null  t.ratio p.value
 (wasm-bypass) / (js-bypass) 0.98430 8.12e-03 1296    1   -1.919  0.0552
 (wasm-bypass) / (js-onnx)   0.08677 7.16e-04 1296    1 -296.409 <0.0001
 (wasm-bypass) / (wasm-onnx) 0.08838 7.29e-04 1296    1 -294.186 <0.0001
 (js-bypass) / (js-onnx)     0.08816 7.27e-04 1296    1 -294.491 <0.0001
 (js-bypass) / (wasm-onnx)   0.08979 7.40e-04 1296    1 -292.267 <0.0001
 (js-onnx) / (wasm-onnx)     1.01851 8.40e-03 1296    1    2.224  0.0527

Environment = Firefox, Model.Unique = guitar-lstm:
 contrast                      ratio       SE   df null  t.ratio p.value
 (wasm-bypass) / (js-bypass) 0.97399 8.03e-03 1296    1   -3.196  0.0014
 (wasm-bypass) / (js-onnx)   0.12826 1.06e-03 1296    1 -249.022 <0.0001
 (wasm-bypass) / (wasm-onnx) 0.11800 9.73e-04 1296    1 -259.135 <0.0001
 (js-bypass) / (js-onnx)     0.13169 1.09e-03 1296    1 -245.826 <0.0001
 (js-bypass) / (wasm-onnx)   0.12115 9.99e-04 1296    1 -255.939 <0.0001
 (js-onnx) / (wasm-onnx)     0.91999 7.59e-03 1296    1  -10.112 <0.0001

Environment = Safari, Model.Unique = guitar-lstm:
 contrast                      ratio       SE   df null  t.ratio p.value
 (wasm-bypass) / (js-bypass) 0.97740 8.06e-03 1296    1   -2.772  0.0057
 (wasm-bypass) / (js-onnx)   0.12423 1.02e-03 1296    1 -252.900 <0.0001
 (wasm-bypass) / (wasm-onnx) 0.13348 1.10e-03 1296    1 -244.187 <0.0001
 (js-bypass) / (js-onnx)     0.12710 1.05e-03 1296    1 -250.129 <0.0001
 (js-bypass) / (wasm-onnx)   0.13657 1.13e-03 1296    1 -241.415 <0.0001
 (js-onnx) / (wasm-onnx)     1.07450 8.86e-03 1296    1    8.713 <0.0001

Environment = Chrome, Model.Unique = steerable-nafx:
 contrast                      ratio       SE   df null  t.ratio p.value
 (wasm-bypass) / (js-bypass) 0.95883 7.91e-03 1296    1   -5.098 <0.0001
 (wasm-bypass) / (js-onnx)   0.00380 3.13e-05 1296    1 -675.711 <0.0001
 (wasm-bypass) / (wasm-onnx) 0.00382 3.15e-05 1296    1 -674.981 <0.0001
 (js-bypass) / (js-onnx)     0.00396 3.27e-05 1296    1 -670.613 <0.0001
 (js-bypass) / (wasm-onnx)   0.00399 3.29e-05 1296    1 -669.883 <0.0001
 (js-onnx) / (wasm-onnx)     1.00604 8.30e-03 1296    1    0.730  0.4657

Environment = Firefox, Model.Unique = steerable-nafx:
 contrast                      ratio       SE   df null  t.ratio p.value
 (wasm-bypass) / (js-bypass) 0.97083 8.01e-03 1296    1   -3.590  0.0007
 (wasm-bypass) / (js-onnx)   0.00685 5.65e-05 1296    1 -604.349 <0.0001
 (wasm-bypass) / (wasm-onnx) 0.00677 5.58e-05 1296    1 -605.781 <0.0001
 (js-bypass) / (js-onnx)     0.00705 5.82e-05 1296    1 -600.759 <0.0001
 (js-bypass) / (wasm-onnx)   0.00697 5.75e-05 1296    1 -602.191 <0.0001
 (js-onnx) / (wasm-onnx)     0.98826 8.15e-03 1296    1   -1.433  0.1523

Environment = Safari, Model.Unique = steerable-nafx:
 contrast                      ratio       SE   df null  t.ratio p.value
 (wasm-bypass) / (js-bypass) 0.93550 7.71e-03 1296    1   -8.084 <0.0001
 (wasm-bypass) / (js-onnx)   0.00744 6.13e-05 1296    1 -594.338 <0.0001
 (wasm-bypass) / (wasm-onnx) 0.00734 6.05e-05 1296    1 -595.979 <0.0001
 (js-bypass) / (js-onnx)     0.00795 6.56e-05 1296    1 -586.253 <0.0001
 (js-bypass) / (wasm-onnx)   0.00784 6.47e-05 1296    1 -587.895 <0.0001
 (js-onnx) / (wasm-onnx)     0.98655 8.14e-03 1296    1   -1.642  0.1009

Results are averaged over the levels of: PP, Buffer.Size, Iteration.Count 
Degrees-of-freedom method: kenward-roger 
P value adjustment: holm method for 6 tests 
Tests are performed on the log scale 
contrasts_rq3_backend_simple.csv written to ./results/50-5

#####################################################################
# Clean up the environment
#####################################################################

Remaining attached packages:
Remaining objects in the environment:
Removing all objects from the environment...
Remaining objects in the environment:
Warning messages:
1: In q("no", save = "no") : NAs introduced by coercion
2: In q("no", save = "no") : invalid 'status', 0 assumed
