here() starts at /home
── Attaching core tidyverse packages ──────────────────────── tidyverse 2.0.0 ──
✔ dplyr     1.2.1     ✔ readr     2.2.0
✔ forcats   1.0.1     ✔ stringr   1.6.0
✔ ggplot2   4.0.3     ✔ tibble    3.3.1
✔ lubridate 1.9.5     ✔ tidyr     1.3.2
✔ purrr     1.2.2     
── Conflicts ────────────────────────────────────────── tidyverse_conflicts() ──
✖ dplyr::filter() masks stats::filter()
✖ dplyr::lag()    masks stats::lag()
ℹ Use the conflicted package (<http://conflicted.r-lib.org/>) to force all conflicts to become errors
Loading required package: Matrix

Attaching package: ‘Matrix’

The following objects are masked from ‘package:tidyr’:

    expand, pack, unpack


Attaching package: ‘lmerTest’

The following object is masked from ‘package:lme4’:

    lmer

The following object is masked from ‘package:stats’:

    step


--- For RQ12 ---

Significant (p < 0.001): 30
Non-significant (p >= 0.001): 1
Type III Analysis of Variance Table with Kenward-Roger's method
                                                      Sum Sq Mean Sq NumDF
Run                                                  10361.5 10361.5     1
Buffer.Size                                           2307.8  1153.9     2
Iteration.Count                                         36.5     4.1     9
Environment                                            308.2   102.7     3
Model.Unique                                            38.4    38.4     1
Run:Buffer.Size                                          9.8     4.9     2
Run:Iteration.Count                                     17.7     2.0     9
Run:Environment                                         65.4    21.8     3
Run:Model.Unique                                      1643.8  1643.8     1
Buffer.Size:Iteration.Count                              5.8     0.3    18
Buffer.Size:Environment                                 21.8     3.6     6
Buffer.Size:Model.Unique                              1352.2   676.1     2
Iteration.Count:Environment                             14.2     0.5    27
Iteration.Count:Model.Unique                             2.2     0.2     9
Environment:Model.Unique                                 4.3     1.4     3
Run:Buffer.Size:Iteration.Count                          1.9     0.1    18
Run:Buffer.Size:Environment                             16.4     2.7     6
Run:Buffer.Size:Model.Unique                             8.2     4.1     2
Run:Iteration.Count:Environment                          7.4     0.3    27
Run:Iteration.Count:Model.Unique                         5.7     0.6     9
Run:Environment:Model.Unique                             7.5     2.5     3
Buffer.Size:Iteration.Count:Environment                  2.9     0.1    54
Buffer.Size:Iteration.Count:Model.Unique                 2.4     0.1    18
Buffer.Size:Environment:Model.Unique                     6.2     1.0     6
Iteration.Count:Environment:Model.Unique                 0.7     0.0    27
Run:Buffer.Size:Iteration.Count:Environment              1.8     0.0    54
Run:Buffer.Size:Iteration.Count:Model.Unique             0.4     0.0    18
Run:Buffer.Size:Environment:Model.Unique                 4.3     0.7     6
Run:Iteration.Count:Environment:Model.Unique             1.4     0.1    27
Buffer.Size:Iteration.Count:Environment:Model.Unique     1.4     0.0    54
                                                     DenDF    F value    Pr(>F)
Run                                                    432 1.1248e+06 < 2.2e-16
Buffer.Size                                            432 1.2526e+05 < 2.2e-16
Iteration.Count                                       3888 4.4082e+02 < 2.2e-16
Environment                                            432 1.1151e+04 < 2.2e-16
Model.Unique                                           432 4.1702e+03 < 2.2e-16
Run:Buffer.Size                                        432 5.3134e+02 < 2.2e-16
Run:Iteration.Count                                   3888 2.1296e+02 < 2.2e-16
Run:Environment                                        432 2.3648e+03 < 2.2e-16
Run:Model.Unique                                       432 1.7844e+05 < 2.2e-16
Buffer.Size:Iteration.Count                           3888 3.4823e+01 < 2.2e-16
Buffer.Size:Environment                                432 3.9390e+02 < 2.2e-16
Buffer.Size:Model.Unique                               432 7.3393e+04 < 2.2e-16
Iteration.Count:Environment                           3888 5.7092e+01 < 2.2e-16
Iteration.Count:Model.Unique                          3888 2.6571e+01 < 2.2e-16
Environment:Model.Unique                               432 1.5618e+02 < 2.2e-16
Run:Buffer.Size:Iteration.Count                       3888 1.1341e+01 < 2.2e-16
Run:Buffer.Size:Environment                            432 2.9699e+02 < 2.2e-16
Run:Buffer.Size:Model.Unique                           432 4.4621e+02 < 2.2e-16
Run:Iteration.Count:Environment                       3888 2.9950e+01 < 2.2e-16
Run:Iteration.Count:Model.Unique                      3888 6.8173e+01 < 2.2e-16
Run:Environment:Model.Unique                           432 2.7196e+02 < 2.2e-16
Buffer.Size:Iteration.Count:Environment               3888 5.8306e+00 < 2.2e-16
Buffer.Size:Iteration.Count:Model.Unique              3888 1.4391e+01 < 2.2e-16
Buffer.Size:Environment:Model.Unique                   432 1.1190e+02 < 2.2e-16
Iteration.Count:Environment:Model.Unique              3888 2.7915e+00 2.193e-06
Run:Buffer.Size:Iteration.Count:Environment           3888 3.5895e+00 < 2.2e-16
Run:Buffer.Size:Iteration.Count:Model.Unique          3888 2.4405e+00 0.0006217
Run:Buffer.Size:Environment:Model.Unique               432 7.8459e+01 < 2.2e-16
Run:Iteration.Count:Environment:Model.Unique          3888 5.4871e+00 < 2.2e-16
Buffer.Size:Iteration.Count:Environment:Model.Unique  3888 2.8480e+00 3.095e-11
                                                        
Run                                                  ***
Buffer.Size                                          ***
Iteration.Count                                      ***
Environment                                          ***
Model.Unique                                         ***
Run:Buffer.Size                                      ***
Run:Iteration.Count                                  ***
Run:Environment                                      ***
Run:Model.Unique                                     ***
Buffer.Size:Iteration.Count                          ***
Buffer.Size:Environment                              ***
Buffer.Size:Model.Unique                             ***
Iteration.Count:Environment                          ***
Iteration.Count:Model.Unique                         ***
Environment:Model.Unique                             ***
Run:Buffer.Size:Iteration.Count                      ***
Run:Buffer.Size:Environment                          ***
Run:Buffer.Size:Model.Unique                         ***
Run:Iteration.Count:Environment                      ***
Run:Iteration.Count:Model.Unique                     ***
Run:Environment:Model.Unique                         ***
Buffer.Size:Iteration.Count:Environment              ***
Buffer.Size:Iteration.Count:Model.Unique             ***
Buffer.Size:Environment:Model.Unique                 ***
Iteration.Count:Environment:Model.Unique             ***
Run:Buffer.Size:Iteration.Count:Environment          ***
Run:Buffer.Size:Iteration.Count:Model.Unique         ***
Run:Buffer.Size:Environment:Model.Unique             ***
Run:Iteration.Count:Environment:Model.Unique         ***
Buffer.Size:Iteration.Count:Environment:Model.Unique ***
---
Signif. codes:  0 ‘***’ 0.001 ‘**’ 0.01 ‘*’ 0.05 ‘.’ 0.1 ‘ ’ 1
Type III Analysis of Variance Table with Kenward-Roger's method
                                                          Sum Sq  Mean Sq NumDF
Run:Buffer.Size:Iteration.Count:Environment:Model.Unique 0.71521 0.013245    54
                                                         DenDF F value  Pr(>F)
Run:Buffer.Size:Iteration.Count:Environment:Model.Unique  3888  1.4378 0.02013
                                                          
Run:Buffer.Size:Iteration.Count:Environment:Model.Unique *
---
Signif. codes:  0 ‘***’ 0.001 ‘**’ 0.01 ‘*’ 0.05 ‘.’ 0.1 ‘ ’ 1

--- For RQ3 ---

Significant (p < 0.001): 43
Non-significant (p >= 0.001): 19
Type III Analysis of Variance Table with Kenward-Roger's method
                                                      Sum Sq Mean Sq NumDF
Backend                                              26404.4  8801.5     3
PP                                                       1.7     1.7     1
Buffer.Size                                           5055.6  2527.8     2
Iteration.Count                                        150.5    16.7     9
Environment                                            323.8   161.9     2
Model.Unique                                           140.0   140.0     1
Backend:PP                                               1.3     0.4     3
Backend:Buffer.Size                                      7.9     1.3     6
Backend:Iteration.Count                                 59.0     2.2    27
Backend:Environment                                    110.4    18.4     6
Backend:Model.Unique                                  4294.4  1431.5     3
PP:Buffer.Size                                           0.2     0.1     2
PP:Iteration.Count                                       0.4     0.0     9
PP:Environment                                           0.9     0.5     2
PP:Model.Unique                                          1.1     1.1     1
Buffer.Size:Iteration.Count                             28.1     1.6    18
Buffer.Size:Environment                                 16.8     4.2     4
Buffer.Size:Model.Unique                              3277.4  1638.7     2
Iteration.Count:Environment                             18.8     1.0    18
Iteration.Count:Model.Unique                             7.4     0.8     9
Environment:Model.Unique                                 1.6     0.8     2
Backend:PP:Iteration.Count                               0.8     0.0    27
Backend:PP:Environment                                   0.7     0.1     6
Backend:PP:Model.Unique                                  0.8     0.3     3
Backend:Buffer.Size:Iteration.Count                      8.4     0.2    54
Backend:Buffer.Size:Environment                          7.6     0.6    12
Backend:Buffer.Size:Model.Unique                        28.7     4.8     6
Backend:Iteration.Count:Environment                      8.3     0.2    54
Backend:Iteration.Count:Model.Unique                    23.0     0.9    27
Backend:Environment:Model.Unique                         8.5     1.4     6
PP:Buffer.Size:Environment                               0.7     0.2     4
PP:Buffer.Size:Model.Unique                              0.2     0.1     2
PP:Environment:Model.Unique                              1.0     0.5     2
Buffer.Size:Iteration.Count:Environment                  2.5     0.1    36
Buffer.Size:Iteration.Count:Model.Unique                 8.6     0.5    18
Buffer.Size:Environment:Model.Unique                     5.1     1.3     4
Backend:PP:Buffer.Size:Environment                       1.0     0.1    12
Backend:PP:Environment:Model.Unique                      0.7     0.1     6
Backend:Buffer.Size:Iteration.Count:Model.Unique         1.6     0.0    54
Backend:Buffer.Size:Environment:Model.Unique             2.3     0.2    12
Backend:Iteration.Count:Environment:Model.Unique         1.8     0.0    54
PP:Buffer.Size:Environment:Model.Unique                  0.4     0.1     4
Buffer.Size:Iteration.Count:Environment:Model.Unique     2.1     0.1    36
                                                     DenDF    F value    Pr(>F)
Backend                                               1296 7.8690e+05 < 2.2e-16
PP                                                    1296 1.4944e+02 < 2.2e-16
Buffer.Size                                           1296 2.2600e+05 < 2.2e-16
Iteration.Count                                      11772 1.4947e+03 < 2.2e-16
Environment                                           1296 1.4474e+04 < 2.2e-16
Model.Unique                                          1296 1.2519e+04 < 2.2e-16
Backend:PP                                            1296 3.9317e+01 < 2.2e-16
Backend:Buffer.Size                                   1296 1.1704e+02 < 2.2e-16
Backend:Iteration.Count                              11772 1.9532e+02 < 2.2e-16
Backend:Environment                                   1296 1.6455e+03 < 2.2e-16
Backend:Model.Unique                                  1296 1.2798e+05 < 2.2e-16
PP:Buffer.Size                                        1296 7.4501e+00 0.0006066
PP:Iteration.Count                                   11772 4.1780e+00 2.096e-05
PP:Environment                                        1296 4.0279e+01 < 2.2e-16
PP:Model.Unique                                       1296 9.4271e+01 < 2.2e-16
Buffer.Size:Iteration.Count                          11772 1.3949e+02 < 2.2e-16
Buffer.Size:Environment                               1296 3.7499e+02 < 2.2e-16
Buffer.Size:Model.Unique                              1296 1.4651e+05 < 2.2e-16
Iteration.Count:Environment                          11772 9.3505e+01 < 2.2e-16
Iteration.Count:Model.Unique                         11772 7.3610e+01 < 2.2e-16
Environment:Model.Unique                              1296 7.1230e+01 < 2.2e-16
Backend:PP:Iteration.Count                           11772 2.7167e+00 3.876e-06
Backend:PP:Environment                                1296 1.0141e+01 5.554e-11
Backend:PP:Model.Unique                               1296 2.2544e+01 3.139e-14
Backend:Buffer.Size:Iteration.Count                  11772 1.3847e+01 < 2.2e-16
Backend:Buffer.Size:Environment                       1296 5.6966e+01 < 2.2e-16
Backend:Buffer.Size:Model.Unique                      1296 4.2696e+02 < 2.2e-16
Backend:Iteration.Count:Environment                  11772 1.3740e+01 < 2.2e-16
Backend:Iteration.Count:Model.Unique                 11772 7.6025e+01 < 2.2e-16
Backend:Environment:Model.Unique                      1296 1.2739e+02 < 2.2e-16
PP:Buffer.Size:Environment                            1296 1.4598e+01 1.146e-11
PP:Buffer.Size:Model.Unique                           1296 7.0303e+00 0.0009188
PP:Environment:Model.Unique                           1296 4.3114e+01 < 2.2e-16
Buffer.Size:Iteration.Count:Environment              11772 6.2580e+00 < 2.2e-16
Buffer.Size:Iteration.Count:Model.Unique             11772 4.2865e+01 < 2.2e-16
Buffer.Size:Environment:Model.Unique                  1296 1.1426e+02 < 2.2e-16
Backend:PP:Buffer.Size:Environment                    1296 7.3873e+00 2.826e-13
Backend:PP:Environment:Model.Unique                   1296 9.7309e+00 1.667e-10
Backend:Buffer.Size:Iteration.Count:Model.Unique     11772 2.6168e+00 1.136e-09
Backend:Buffer.Size:Environment:Model.Unique          1296 1.7113e+01 < 2.2e-16
Backend:Iteration.Count:Environment:Model.Unique     11772 2.9579e+00 2.789e-12
PP:Buffer.Size:Environment:Model.Unique               1296 9.3989e+00 1.727e-07
Buffer.Size:Iteration.Count:Environment:Model.Unique 11772 5.1706e+00 < 2.2e-16
                                                        
Backend                                              ***
PP                                                   ***
Buffer.Size                                          ***
Iteration.Count                                      ***
Environment                                          ***
Model.Unique                                         ***
Backend:PP                                           ***
Backend:Buffer.Size                                  ***
Backend:Iteration.Count                              ***
Backend:Environment                                  ***
Backend:Model.Unique                                 ***
PP:Buffer.Size                                       ***
PP:Iteration.Count                                   ***
PP:Environment                                       ***
PP:Model.Unique                                      ***
Buffer.Size:Iteration.Count                          ***
Buffer.Size:Environment                              ***
Buffer.Size:Model.Unique                             ***
Iteration.Count:Environment                          ***
Iteration.Count:Model.Unique                         ***
Environment:Model.Unique                             ***
Backend:PP:Iteration.Count                           ***
Backend:PP:Environment                               ***
Backend:PP:Model.Unique                              ***
Backend:Buffer.Size:Iteration.Count                  ***
Backend:Buffer.Size:Environment                      ***
Backend:Buffer.Size:Model.Unique                     ***
Backend:Iteration.Count:Environment                  ***
Backend:Iteration.Count:Model.Unique                 ***
Backend:Environment:Model.Unique                     ***
PP:Buffer.Size:Environment                           ***
PP:Buffer.Size:Model.Unique                          ***
PP:Environment:Model.Unique                          ***
Buffer.Size:Iteration.Count:Environment              ***
Buffer.Size:Iteration.Count:Model.Unique             ***
Buffer.Size:Environment:Model.Unique                 ***
Backend:PP:Buffer.Size:Environment                   ***
Backend:PP:Environment:Model.Unique                  ***
Backend:Buffer.Size:Iteration.Count:Model.Unique     ***
Backend:Buffer.Size:Environment:Model.Unique         ***
Backend:Iteration.Count:Environment:Model.Unique     ***
PP:Buffer.Size:Environment:Model.Unique              ***
Buffer.Size:Iteration.Count:Environment:Model.Unique ***
---
Signif. codes:  0 ‘***’ 0.001 ‘**’ 0.01 ‘*’ 0.05 ‘.’ 0.1 ‘ ’ 1
Type III Analysis of Variance Table with Kenward-Roger's method
                                                              Sum Sq   Mean Sq
Backend:PP:Buffer.Size                                       0.09360 0.0155996
PP:Buffer.Size:Iteration.Count                               0.07865 0.0043695
PP:Iteration.Count:Environment                               0.16769 0.0093162
PP:Iteration.Count:Model.Unique                              0.03839 0.0042659
Iteration.Count:Environment:Model.Unique                     0.22220 0.0123442
Backend:PP:Buffer.Size:Iteration.Count                       0.20300 0.0037593
Backend:PP:Buffer.Size:Model.Unique                          0.05203 0.0086712
Backend:PP:Iteration.Count:Environment                       0.46445 0.0086008
Backend:PP:Iteration.Count:Model.Unique                      0.21744 0.0080534
Backend:Buffer.Size:Iteration.Count:Environment              1.34974 0.0124975
PP:Buffer.Size:Iteration.Count:Environment                   0.18831 0.0052307
PP:Buffer.Size:Iteration.Count:Model.Unique                  0.12407 0.0068929
PP:Iteration.Count:Environment:Model.Unique                  0.14453 0.0080293
Backend:PP:Buffer.Size:Iteration.Count:Environment           0.58039 0.0053739
Backend:PP:Buffer.Size:Iteration.Count:Model.Unique          0.21902 0.0040559
Backend:PP:Buffer.Size:Environment:Model.Unique              0.35817 0.0298476
Backend:PP:Iteration.Count:Environment:Model.Unique          0.31214 0.0057804
Backend:Buffer.Size:Iteration.Count:Environment:Model.Unique 1.24422 0.0115206
PP:Buffer.Size:Iteration.Count:Environment:Model.Unique      0.10321 0.0028670
                                                             NumDF DenDF
Backend:PP:Buffer.Size                                           6  1296
PP:Buffer.Size:Iteration.Count                                  18 11772
PP:Iteration.Count:Environment                                  18 11772
PP:Iteration.Count:Model.Unique                                  9 11772
Iteration.Count:Environment:Model.Unique                        18 11772
Backend:PP:Buffer.Size:Iteration.Count                          54 11772
Backend:PP:Buffer.Size:Model.Unique                              6  1296
Backend:PP:Iteration.Count:Environment                          54 11772
Backend:PP:Iteration.Count:Model.Unique                         27 11772
Backend:Buffer.Size:Iteration.Count:Environment                108 11772
PP:Buffer.Size:Iteration.Count:Environment                      36 11772
PP:Buffer.Size:Iteration.Count:Model.Unique                     18 11772
PP:Iteration.Count:Environment:Model.Unique                     18 11772
Backend:PP:Buffer.Size:Iteration.Count:Environment             108 11772
Backend:PP:Buffer.Size:Iteration.Count:Model.Unique             54 11772
Backend:PP:Buffer.Size:Environment:Model.Unique                 12  1296
Backend:PP:Iteration.Count:Environment:Model.Unique             54 11772
Backend:Buffer.Size:Iteration.Count:Environment:Model.Unique   108 11772
PP:Buffer.Size:Iteration.Count:Environment:Model.Unique         36 11772
                                                             F value   Pr(>F)
Backend:PP:Buffer.Size                                        1.3947 0.213291
PP:Buffer.Size:Iteration.Count                                0.3907 0.989832
PP:Iteration.Count:Environment                                0.8329 0.662436
PP:Iteration.Count:Model.Unique                               0.3814 0.944627
Iteration.Count:Environment:Model.Unique                      1.1036 0.340631
Backend:PP:Buffer.Size:Iteration.Count                        0.3361 0.999999
Backend:PP:Buffer.Size:Model.Unique                           0.7753 0.589375
Backend:PP:Iteration.Count:Environment                        0.7690 0.892551
Backend:PP:Iteration.Count:Model.Unique                       0.7200 0.853223
Backend:Buffer.Size:Iteration.Count:Environment               1.1173 0.191884
PP:Buffer.Size:Iteration.Count:Environment                    0.4677 0.997262
PP:Buffer.Size:Iteration.Count:Model.Unique                   0.6163 0.890283
PP:Iteration.Count:Environment:Model.Unique                   0.7179 0.796116
Backend:PP:Buffer.Size:Iteration.Count:Environment            0.4805 0.999999
Backend:PP:Buffer.Size:Iteration.Count:Model.Unique           0.3626 0.999995
Backend:PP:Buffer.Size:Environment:Model.Unique               2.6685 0.001509
Backend:PP:Iteration.Count:Environment:Model.Unique           0.5168 0.998732
Backend:Buffer.Size:Iteration.Count:Environment:Model.Unique  1.0300 0.396685
PP:Buffer.Size:Iteration.Count:Environment:Model.Unique       0.2563 0.999998
                                                               
Backend:PP:Buffer.Size                                         
PP:Buffer.Size:Iteration.Count                                 
PP:Iteration.Count:Environment                                 
PP:Iteration.Count:Model.Unique                                
Iteration.Count:Environment:Model.Unique                       
Backend:PP:Buffer.Size:Iteration.Count                         
Backend:PP:Buffer.Size:Model.Unique                            
Backend:PP:Iteration.Count:Environment                         
Backend:PP:Iteration.Count:Model.Unique                        
Backend:Buffer.Size:Iteration.Count:Environment                
PP:Buffer.Size:Iteration.Count:Environment                     
PP:Buffer.Size:Iteration.Count:Model.Unique                    
PP:Iteration.Count:Environment:Model.Unique                    
Backend:PP:Buffer.Size:Iteration.Count:Environment             
Backend:PP:Buffer.Size:Iteration.Count:Model.Unique            
Backend:PP:Buffer.Size:Environment:Model.Unique              **
Backend:PP:Iteration.Count:Environment:Model.Unique            
Backend:Buffer.Size:Iteration.Count:Environment:Model.Unique   
PP:Buffer.Size:Iteration.Count:Environment:Model.Unique        
---
Signif. codes:  0 ‘***’ 0.001 ‘**’ 0.01 ‘*’ 0.05 ‘.’ 0.1 ‘ ’ 1

--- Threshold audit ---

This log is the authoritative significance report (alpha = 0.001).
Threshold-dependent text in earlier logs is superseded by this log:
  - model-rq12.log / model-rq3.log: term counts split at p < 0.0001
  - posthoc-rq3.log: Backend:PP interaction gate evaluated at p < 0.05
Those thresholds affect log text only; all computed artifacts
(models, EMMs, contrasts) are threshold-free and remain valid.

Backend:PP interaction at alpha = 0.001: p = 2.565e-24 — SIGNIFICANT: averaging over the other factor may be misleading; use the per-level (simple-effects) contrasts

#####################################################################
# Clean up the environment
#####################################################################

Remaining attached packages:
Remaining objects in the environment:
Removing all objects from the environment...
Remaining objects in the environment:
Warning messages:
1: In q("no", save = "no") : NAs introduced by coercion
2: In q("no", save = "no") : invalid 'status', 0 assumed
